../Core/Src/sd_spi.c:28:13:SD_Select	8	static
../Core/Src/sd_spi.c:32:13:SD_Deselect	16	static
../Core/Src/sd_spi.c:38:16:SD_SPI_TxRx	32	static
../Core/Src/sd_spi.c:44:12:SD_WaitReady	24	static
../Core/Src/sd_spi.c:54:16:SD_SendCmd	32	static
../Core/Src/sd_spi.c:89:5:SD_SPI_Init	40	static
../Core/Src/sd_spi.c:133:5:SD_SPI_ReadBlocks	32	static
../Core/Src/sd_spi.c:151:5:SD_ReadBlock	40	static
../Core/Src/sd_spi.c:170:5:SD_SPI_WriteBlocks	32	static
../Core/Src/sd_spi.c:195:10:SD_SPI_GetSectorCount	4	static
