 Tetraedro_model_sem_sim_com_FK_heur_sfun

 Timestamp is 525dfbc3 (Tue Oct 15 23:36:51 2013)

 Preferred load address is 0000000180000000

 Start         Length     Name                   Class
 0001:00000000 0009e67cH .text                   CODE
 0001:0009e680 0000005eH .text$00                CODE
 0001:0009e6e0 00000091H .text$x                 CODE
 0002:00000000 000004e0H .idata$5                DATA
 0002:000004e0 00000008H .CRT$XCA                DATA
 0002:000004e8 00000008H .CRT$XCZ                DATA
 0002:000004f0 00000008H .CRT$XIA                DATA
 0002:000004f8 00000008H .CRT$XIAA               DATA
 0002:00000500 00000008H .CRT$XIZ                DATA
 0002:00000510 00004d3cH .rdata                  DATA
 0002:00005250 00000008H .rtc$IAA                DATA
 0002:00005258 00000008H .rtc$IZZ                DATA
 0002:00005260 00000008H .rtc$TAA                DATA
 0002:00005268 00000008H .rtc$TZZ                DATA
 0002:00005270 000055fcH .xdata                  DATA
 0002:0000a86c 000000a0H .idata$2                DATA
 0002:0000a90c 00000014H .idata$3                DATA
 0002:0000a920 000004e0H .idata$4                DATA
 0002:0000ae00 00000b7cH .idata$6                DATA
 0002:0000b980 0000006eH .edata                  DATA
 0003:00000000 0001b318H .data                   DATA
 0003:0001b320 00002558H .bss                    DATA
 0004:00000000 00004ee4H .pdata                  DATA

  Address         Publics by Value              Rva+Base               Lib:Object

 0000:00000000       ___safe_se_handler_table   0000000000000000     <absolute>
 0000:00000000       ___safe_se_handler_count   0000000000000000     <absolute>
 0000:00000000       __ImageBase                0000000180000000     <linker-defined>
 0001:00000000       sf_c1_Tetraedro_model_sem_sim_com_FK_heur_get_eml_resolved_functions_info 0000000180001000 f   c1_Tetraedro_model_sem_sim_com_FK_heur.obj
 0001:00001bc0       sf_c1_Tetraedro_model_sem_sim_com_FK_heur_get_check_sum 0000000180002bc0 f   c1_Tetraedro_model_sem_sim_com_FK_heur.obj
 0001:00001c40       sf_c1_Tetraedro_model_sem_sim_com_FK_heur_get_autoinheritance_info 0000000180002c40 f   c1_Tetraedro_model_sem_sim_com_FK_heur.obj
 0001:00002430       sf_c1_Tetraedro_model_sem_sim_com_FK_heur_third_party_uses_info 0000000180003430 f   c1_Tetraedro_model_sem_sim_com_FK_heur.obj
 0001:00002460       sf_internal_get_sim_state_c1_Tetraedro_model_sem_sim_com_FK_heur 0000000180003460 f   c1_Tetraedro_model_sem_sim_com_FK_heur.obj
 0001:000027f0       sf_internal_set_sim_state_c1_Tetraedro_model_sem_sim_com_FK_heur 00000001800037f0 f   c1_Tetraedro_model_sem_sim_com_FK_heur.obj
 0001:00002c60       c1_Tetraedro_model_sem_sim_com_FK_heur_method_dispatcher 0000000180003c60 f   c1_Tetraedro_model_sem_sim_com_FK_heur.obj
 0001:00008ad0       sf_c2_Tetraedro_model_sem_sim_com_FK_heur_get_eml_resolved_functions_info 0000000180009ad0 f   c2_Tetraedro_model_sem_sim_com_FK_heur.obj
 0001:0000a350       sf_c2_Tetraedro_model_sem_sim_com_FK_heur_get_check_sum 000000018000b350 f   c2_Tetraedro_model_sem_sim_com_FK_heur.obj
 0001:0000a3d0       sf_c2_Tetraedro_model_sem_sim_com_FK_heur_get_autoinheritance_info 000000018000b3d0 f   c2_Tetraedro_model_sem_sim_com_FK_heur.obj
 0001:0000a940       sf_c2_Tetraedro_model_sem_sim_com_FK_heur_third_party_uses_info 000000018000b940 f   c2_Tetraedro_model_sem_sim_com_FK_heur.obj
 0001:0000a970       sf_internal_get_sim_state_c2_Tetraedro_model_sem_sim_com_FK_heur 000000018000b970 f   c2_Tetraedro_model_sem_sim_com_FK_heur.obj
 0001:0000ad00       sf_internal_set_sim_state_c2_Tetraedro_model_sem_sim_com_FK_heur 000000018000bd00 f   c2_Tetraedro_model_sem_sim_com_FK_heur.obj
 0001:0000b170       c2_Tetraedro_model_sem_sim_com_FK_heur_method_dispatcher 000000018000c170 f   c2_Tetraedro_model_sem_sim_com_FK_heur.obj
 0001:000107c0       sf_c3_Tetraedro_model_sem_sim_com_FK_heur_get_eml_resolved_functions_info 00000001800117c0 f   c3_Tetraedro_model_sem_sim_com_FK_heur.obj
 0001:00011ac0       sf_c3_Tetraedro_model_sem_sim_com_FK_heur_get_check_sum 0000000180012ac0 f   c3_Tetraedro_model_sem_sim_com_FK_heur.obj
 0001:00011b40       sf_c3_Tetraedro_model_sem_sim_com_FK_heur_get_autoinheritance_info 0000000180012b40 f   c3_Tetraedro_model_sem_sim_com_FK_heur.obj
 0001:00011f60       sf_c3_Tetraedro_model_sem_sim_com_FK_heur_third_party_uses_info 0000000180012f60 f   c3_Tetraedro_model_sem_sim_com_FK_heur.obj
 0001:00011f90       sf_internal_get_sim_state_c3_Tetraedro_model_sem_sim_com_FK_heur 0000000180012f90 f   c3_Tetraedro_model_sem_sim_com_FK_heur.obj
 0001:00012330       sf_internal_set_sim_state_c3_Tetraedro_model_sem_sim_com_FK_heur 0000000180013330 f   c3_Tetraedro_model_sem_sim_com_FK_heur.obj
 0001:000127b0       c3_Tetraedro_model_sem_sim_com_FK_heur_method_dispatcher 00000001800137b0 f   c3_Tetraedro_model_sem_sim_com_FK_heur.obj
 0001:000154d0       sf_c4_Tetraedro_model_sem_sim_com_FK_heur_get_eml_resolved_functions_info 00000001800164d0 f   c4_Tetraedro_model_sem_sim_com_FK_heur.obj
 0001:00015550       sf_c4_Tetraedro_model_sem_sim_com_FK_heur_get_check_sum 0000000180016550 f   c4_Tetraedro_model_sem_sim_com_FK_heur.obj
 0001:000155d0       sf_c4_Tetraedro_model_sem_sim_com_FK_heur_get_autoinheritance_info 00000001800165d0 f   c4_Tetraedro_model_sem_sim_com_FK_heur.obj
 0001:000161b0       sf_c4_Tetraedro_model_sem_sim_com_FK_heur_third_party_uses_info 00000001800171b0 f   c4_Tetraedro_model_sem_sim_com_FK_heur.obj
 0001:000161e0       sf_internal_get_sim_state_c4_Tetraedro_model_sem_sim_com_FK_heur 00000001800171e0 f   c4_Tetraedro_model_sem_sim_com_FK_heur.obj
 0001:00016860       sf_internal_set_sim_state_c4_Tetraedro_model_sem_sim_com_FK_heur 0000000180017860 f   c4_Tetraedro_model_sem_sim_com_FK_heur.obj
 0001:00016ef0       c4_Tetraedro_model_sem_sim_com_FK_heur_method_dispatcher 0000000180017ef0 f   c4_Tetraedro_model_sem_sim_com_FK_heur.obj
 0001:0001a810       sf_c5_Tetraedro_model_sem_sim_com_FK_heur_get_eml_resolved_functions_info 000000018001b810 f   c5_Tetraedro_model_sem_sim_com_FK_heur.obj
 0001:0001c430       sf_c5_Tetraedro_model_sem_sim_com_FK_heur_get_check_sum 000000018001d430 f   c5_Tetraedro_model_sem_sim_com_FK_heur.obj
 0001:0001c4b0       sf_c5_Tetraedro_model_sem_sim_com_FK_heur_get_autoinheritance_info 000000018001d4b0 f   c5_Tetraedro_model_sem_sim_com_FK_heur.obj
 0001:0001cca0       sf_c5_Tetraedro_model_sem_sim_com_FK_heur_third_party_uses_info 000000018001dca0 f   c5_Tetraedro_model_sem_sim_com_FK_heur.obj
 0001:0001ccd0       sf_internal_get_sim_state_c5_Tetraedro_model_sem_sim_com_FK_heur 000000018001dcd0 f   c5_Tetraedro_model_sem_sim_com_FK_heur.obj
 0001:0001d050       sf_internal_set_sim_state_c5_Tetraedro_model_sem_sim_com_FK_heur 000000018001e050 f   c5_Tetraedro_model_sem_sim_com_FK_heur.obj
 0001:0001d4c0       c5_Tetraedro_model_sem_sim_com_FK_heur_method_dispatcher 000000018001e4c0 f   c5_Tetraedro_model_sem_sim_com_FK_heur.obj
 0001:00023320       sf_c6_Tetraedro_model_sem_sim_com_FK_heur_get_eml_resolved_functions_info 0000000180024320 f   c6_Tetraedro_model_sem_sim_com_FK_heur.obj
 0001:00025cc0       sf_c6_Tetraedro_model_sem_sim_com_FK_heur_get_check_sum 0000000180026cc0 f   c6_Tetraedro_model_sem_sim_com_FK_heur.obj
 0001:00025d40       sf_c6_Tetraedro_model_sem_sim_com_FK_heur_get_autoinheritance_info 0000000180026d40 f   c6_Tetraedro_model_sem_sim_com_FK_heur.obj
 0001:00026910       sf_c6_Tetraedro_model_sem_sim_com_FK_heur_third_party_uses_info 0000000180027910 f   c6_Tetraedro_model_sem_sim_com_FK_heur.obj
 0001:00026940       sf_internal_get_sim_state_c6_Tetraedro_model_sem_sim_com_FK_heur 0000000180027940 f   c6_Tetraedro_model_sem_sim_com_FK_heur.obj
 0001:00026e00       sf_internal_set_sim_state_c6_Tetraedro_model_sem_sim_com_FK_heur 0000000180027e00 f   c6_Tetraedro_model_sem_sim_com_FK_heur.obj
 0001:00027340       c6_Tetraedro_model_sem_sim_com_FK_heur_method_dispatcher 0000000180028340 f   c6_Tetraedro_model_sem_sim_com_FK_heur.obj
 0001:0002ce00       sf_c7_Tetraedro_model_sem_sim_com_FK_heur_get_eml_resolved_functions_info 000000018002de00 f   c7_Tetraedro_model_sem_sim_com_FK_heur.obj
 0001:0002ce80       sf_c7_Tetraedro_model_sem_sim_com_FK_heur_get_check_sum 000000018002de80 f   c7_Tetraedro_model_sem_sim_com_FK_heur.obj
 0001:0002cf00       sf_c7_Tetraedro_model_sem_sim_com_FK_heur_get_autoinheritance_info 000000018002df00 f   c7_Tetraedro_model_sem_sim_com_FK_heur.obj
 0001:0002d710       sf_c7_Tetraedro_model_sem_sim_com_FK_heur_third_party_uses_info 000000018002e710 f   c7_Tetraedro_model_sem_sim_com_FK_heur.obj
 0001:0002d740       sf_internal_get_sim_state_c7_Tetraedro_model_sem_sim_com_FK_heur 000000018002e740 f   c7_Tetraedro_model_sem_sim_com_FK_heur.obj
 0001:0002dd70       sf_internal_set_sim_state_c7_Tetraedro_model_sem_sim_com_FK_heur 000000018002ed70 f   c7_Tetraedro_model_sem_sim_com_FK_heur.obj
 0001:0002e5c0       c7_Tetraedro_model_sem_sim_com_FK_heur_method_dispatcher 000000018002f5c0 f   c7_Tetraedro_model_sem_sim_com_FK_heur.obj
 0001:00031870       sf_c8_Tetraedro_model_sem_sim_com_FK_heur_get_eml_resolved_functions_info 0000000180032870 f   c8_Tetraedro_model_sem_sim_com_FK_heur.obj
 0001:00032760       sf_c8_Tetraedro_model_sem_sim_com_FK_heur_get_check_sum 0000000180033760 f   c8_Tetraedro_model_sem_sim_com_FK_heur.obj
 0001:000327e0       sf_c8_Tetraedro_model_sem_sim_com_FK_heur_get_autoinheritance_info 00000001800337e0 f   c8_Tetraedro_model_sem_sim_com_FK_heur.obj
 0001:00032c00       sf_c8_Tetraedro_model_sem_sim_com_FK_heur_third_party_uses_info 0000000180033c00 f   c8_Tetraedro_model_sem_sim_com_FK_heur.obj
 0001:00032c30       sf_internal_get_sim_state_c8_Tetraedro_model_sem_sim_com_FK_heur 0000000180033c30 f   c8_Tetraedro_model_sem_sim_com_FK_heur.obj
 0001:00032f80       sf_internal_set_sim_state_c8_Tetraedro_model_sem_sim_com_FK_heur 0000000180033f80 f   c8_Tetraedro_model_sem_sim_com_FK_heur.obj
 0001:00033380       c8_Tetraedro_model_sem_sim_com_FK_heur_method_dispatcher 0000000180034380 f   c8_Tetraedro_model_sem_sim_com_FK_heur.obj
 0001:00035650       sf_c9_Tetraedro_model_sem_sim_com_FK_heur_get_eml_resolved_functions_info 0000000180036650 f   c9_Tetraedro_model_sem_sim_com_FK_heur.obj
 0001:00035b40       sf_c9_Tetraedro_model_sem_sim_com_FK_heur_get_check_sum 0000000180036b40 f   c9_Tetraedro_model_sem_sim_com_FK_heur.obj
 0001:00035bc0       sf_c9_Tetraedro_model_sem_sim_com_FK_heur_get_autoinheritance_info 0000000180036bc0 f   c9_Tetraedro_model_sem_sim_com_FK_heur.obj
 0001:00036280       sf_c9_Tetraedro_model_sem_sim_com_FK_heur_third_party_uses_info 0000000180037280 f   c9_Tetraedro_model_sem_sim_com_FK_heur.obj
 0001:000362b0       sf_internal_get_sim_state_c9_Tetraedro_model_sem_sim_com_FK_heur 00000001800372b0 f   c9_Tetraedro_model_sem_sim_com_FK_heur.obj
 0001:000366d0       sf_internal_set_sim_state_c9_Tetraedro_model_sem_sim_com_FK_heur 00000001800376d0 f   c9_Tetraedro_model_sem_sim_com_FK_heur.obj
 0001:00036b20       c9_Tetraedro_model_sem_sim_com_FK_heur_method_dispatcher 0000000180037b20 f   c9_Tetraedro_model_sem_sim_com_FK_heur.obj
 0001:00038fe0       sf_c10_Tetraedro_model_sem_sim_com_FK_heur_get_eml_resolved_functions_info 0000000180039fe0 f   c10_Tetraedro_model_sem_sim_com_FK_heur.obj
 0001:00039060       sf_c10_Tetraedro_model_sem_sim_com_FK_heur_get_check_sum 000000018003a060 f   c10_Tetraedro_model_sem_sim_com_FK_heur.obj
 0001:000390e0       sf_c10_Tetraedro_model_sem_sim_com_FK_heur_get_autoinheritance_info 000000018003a0e0 f   c10_Tetraedro_model_sem_sim_com_FK_heur.obj
 0001:00039500       sf_c10_Tetraedro_model_sem_sim_com_FK_heur_third_party_uses_info 000000018003a500 f   c10_Tetraedro_model_sem_sim_com_FK_heur.obj
 0001:00039530       sf_internal_get_sim_state_c10_Tetraedro_model_sem_sim_com_FK_heur 000000018003a530 f   c10_Tetraedro_model_sem_sim_com_FK_heur.obj
 0001:000398d0       sf_internal_set_sim_state_c10_Tetraedro_model_sem_sim_com_FK_heur 000000018003a8d0 f   c10_Tetraedro_model_sem_sim_com_FK_heur.obj
 0001:00039d40       c10_Tetraedro_model_sem_sim_com_FK_heur_method_dispatcher 000000018003ad40 f   c10_Tetraedro_model_sem_sim_com_FK_heur.obj
 0001:0003bdc0       sf_c13_Tetraedro_model_sem_sim_com_FK_heur_get_eml_resolved_functions_info 000000018003cdc0 f   c13_Tetraedro_model_sem_sim_com_FK_heur.obj
 0001:0003d5a0       sf_c13_Tetraedro_model_sem_sim_com_FK_heur_get_check_sum 000000018003e5a0 f   c13_Tetraedro_model_sem_sim_com_FK_heur.obj
 0001:0003d620       sf_c13_Tetraedro_model_sem_sim_com_FK_heur_get_autoinheritance_info 000000018003e620 f   c13_Tetraedro_model_sem_sim_com_FK_heur.obj
 0001:0003dcd0       sf_c13_Tetraedro_model_sem_sim_com_FK_heur_third_party_uses_info 000000018003ecd0 f   c13_Tetraedro_model_sem_sim_com_FK_heur.obj
 0001:0003dd00       sf_internal_get_sim_state_c13_Tetraedro_model_sem_sim_com_FK_heur 000000018003ed00 f   c13_Tetraedro_model_sem_sim_com_FK_heur.obj
 0001:0003e080       sf_internal_set_sim_state_c13_Tetraedro_model_sem_sim_com_FK_heur 000000018003f080 f   c13_Tetraedro_model_sem_sim_com_FK_heur.obj
 0001:0003e4f0       c13_Tetraedro_model_sem_sim_com_FK_heur_method_dispatcher 000000018003f4f0 f   c13_Tetraedro_model_sem_sim_com_FK_heur.obj
 0001:000437b0       sf_c14_Tetraedro_model_sem_sim_com_FK_heur_get_eml_resolved_functions_info 00000001800447b0 f   c14_Tetraedro_model_sem_sim_com_FK_heur.obj
 0001:00043830       sf_c14_Tetraedro_model_sem_sim_com_FK_heur_get_check_sum 0000000180044830 f   c14_Tetraedro_model_sem_sim_com_FK_heur.obj
 0001:000438b0       sf_c14_Tetraedro_model_sem_sim_com_FK_heur_get_autoinheritance_info 00000001800448b0 f   c14_Tetraedro_model_sem_sim_com_FK_heur.obj
 0001:00043cd0       sf_c14_Tetraedro_model_sem_sim_com_FK_heur_third_party_uses_info 0000000180044cd0 f   c14_Tetraedro_model_sem_sim_com_FK_heur.obj
 0001:00043d00       sf_internal_get_sim_state_c14_Tetraedro_model_sem_sim_com_FK_heur 0000000180044d00 f   c14_Tetraedro_model_sem_sim_com_FK_heur.obj
 0001:00044080       sf_internal_set_sim_state_c14_Tetraedro_model_sem_sim_com_FK_heur 0000000180045080 f   c14_Tetraedro_model_sem_sim_com_FK_heur.obj
 0001:00044520       c14_Tetraedro_model_sem_sim_com_FK_heur_method_dispatcher 0000000180045520 f   c14_Tetraedro_model_sem_sim_com_FK_heur.obj
 0001:00046650       sf_c15_Tetraedro_model_sem_sim_com_FK_heur_get_eml_resolved_functions_info 0000000180047650 f   c15_Tetraedro_model_sem_sim_com_FK_heur.obj
 0001:000466d0       sf_c15_Tetraedro_model_sem_sim_com_FK_heur_get_check_sum 00000001800476d0 f   c15_Tetraedro_model_sem_sim_com_FK_heur.obj
 0001:00046750       sf_c15_Tetraedro_model_sem_sim_com_FK_heur_get_autoinheritance_info 0000000180047750 f   c15_Tetraedro_model_sem_sim_com_FK_heur.obj
 0001:00046cc0       sf_c15_Tetraedro_model_sem_sim_com_FK_heur_third_party_uses_info 0000000180047cc0 f   c15_Tetraedro_model_sem_sim_com_FK_heur.obj
 0001:00046cf0       sf_internal_get_sim_state_c15_Tetraedro_model_sem_sim_com_FK_heur 0000000180047cf0 f   c15_Tetraedro_model_sem_sim_com_FK_heur.obj
 0001:00047150       sf_internal_set_sim_state_c15_Tetraedro_model_sem_sim_com_FK_heur 0000000180048150 f   c15_Tetraedro_model_sem_sim_com_FK_heur.obj
 0001:000477b0       c15_Tetraedro_model_sem_sim_com_FK_heur_method_dispatcher 00000001800487b0 f   c15_Tetraedro_model_sem_sim_com_FK_heur.obj
 0001:00049c20       sf_c16_Tetraedro_model_sem_sim_com_FK_heur_get_eml_resolved_functions_info 000000018004ac20 f   c16_Tetraedro_model_sem_sim_com_FK_heur.obj
 0001:0004af30       sf_c16_Tetraedro_model_sem_sim_com_FK_heur_get_check_sum 000000018004bf30 f   c16_Tetraedro_model_sem_sim_com_FK_heur.obj
 0001:0004afb0       sf_c16_Tetraedro_model_sem_sim_com_FK_heur_get_autoinheritance_info 000000018004bfb0 f   c16_Tetraedro_model_sem_sim_com_FK_heur.obj
 0001:0004b3d0       sf_c16_Tetraedro_model_sem_sim_com_FK_heur_third_party_uses_info 000000018004c3d0 f   c16_Tetraedro_model_sem_sim_com_FK_heur.obj
 0001:0004b400       sf_internal_get_sim_state_c16_Tetraedro_model_sem_sim_com_FK_heur 000000018004c400 f   c16_Tetraedro_model_sem_sim_com_FK_heur.obj
 0001:0004b7c0       sf_internal_set_sim_state_c16_Tetraedro_model_sem_sim_com_FK_heur 000000018004c7c0 f   c16_Tetraedro_model_sem_sim_com_FK_heur.obj
 0001:0004bc50       c16_Tetraedro_model_sem_sim_com_FK_heur_method_dispatcher 000000018004cc50 f   c16_Tetraedro_model_sem_sim_com_FK_heur.obj
 0001:0004e970       sf_c19_Tetraedro_model_sem_sim_com_FK_heur_get_eml_resolved_functions_info 000000018004f970 f   c19_Tetraedro_model_sem_sim_com_FK_heur.obj
 0001:00050d50       sf_c19_Tetraedro_model_sem_sim_com_FK_heur_get_check_sum 0000000180051d50 f   c19_Tetraedro_model_sem_sim_com_FK_heur.obj
 0001:00050dd0       sf_c19_Tetraedro_model_sem_sim_com_FK_heur_get_autoinheritance_info 0000000180051dd0 f   c19_Tetraedro_model_sem_sim_com_FK_heur.obj
 0001:00051ae0       sf_c19_Tetraedro_model_sem_sim_com_FK_heur_third_party_uses_info 0000000180052ae0 f   c19_Tetraedro_model_sem_sim_com_FK_heur.obj
 0001:00051b10       sf_internal_get_sim_state_c19_Tetraedro_model_sem_sim_com_FK_heur 0000000180052b10 f   c19_Tetraedro_model_sem_sim_com_FK_heur.obj
 0001:00052090       sf_internal_set_sim_state_c19_Tetraedro_model_sem_sim_com_FK_heur 0000000180053090 f   c19_Tetraedro_model_sem_sim_com_FK_heur.obj
 0001:000528a0       c19_Tetraedro_model_sem_sim_com_FK_heur_method_dispatcher 00000001800538a0 f   c19_Tetraedro_model_sem_sim_com_FK_heur.obj
 0001:0005a550       sf_c21_Tetraedro_model_sem_sim_com_FK_heur_get_eml_resolved_functions_info 000000018005b550 f   c21_Tetraedro_model_sem_sim_com_FK_heur.obj
 0001:0005dd00       sf_c21_Tetraedro_model_sem_sim_com_FK_heur_get_check_sum 000000018005ed00 f   c21_Tetraedro_model_sem_sim_com_FK_heur.obj
 0001:0005dd80       sf_c21_Tetraedro_model_sem_sim_com_FK_heur_get_autoinheritance_info 000000018005ed80 f   c21_Tetraedro_model_sem_sim_com_FK_heur.obj
 0001:0005e950       sf_c21_Tetraedro_model_sem_sim_com_FK_heur_third_party_uses_info 000000018005f950 f   c21_Tetraedro_model_sem_sim_com_FK_heur.obj
 0001:0005e980       sf_internal_get_sim_state_c21_Tetraedro_model_sem_sim_com_FK_heur 000000018005f980 f   c21_Tetraedro_model_sem_sim_com_FK_heur.obj
 0001:0005ef20       sf_internal_set_sim_state_c21_Tetraedro_model_sem_sim_com_FK_heur 000000018005ff20 f   c21_Tetraedro_model_sem_sim_com_FK_heur.obj
 0001:0005f7c0       c21_Tetraedro_model_sem_sim_com_FK_heur_method_dispatcher 00000001800607c0 f   c21_Tetraedro_model_sem_sim_com_FK_heur.obj
 0001:0006b6f0       sf_process_check_sum_call  000000018006c6f0 f   Tetraedro_model_sem_sim_com_FK_heur_sfun_registry.obj
 0001:0006b740       sf_process_autoinheritance_call 000000018006c740 f   Tetraedro_model_sem_sim_com_FK_heur_sfun_registry.obj
 0001:0006b8e0       sf_process_get_third_party_uses_info_call 000000018006c8e0 f   Tetraedro_model_sem_sim_com_FK_heur_sfun_registry.obj
 0001:0006ba80       sf_process_get_eml_resolved_functions_info_call 000000018006ca80 f   Tetraedro_model_sem_sim_com_FK_heur_sfun_registry.obj
 0001:0006bc00       sf_mex_unlock_call         000000018006cc00 f   Tetraedro_model_sem_sim_com_FK_heur_sfun_registry.obj
 0001:0006bcb0       sf_machine_global_initializer_called 000000018006ccb0 f   Tetraedro_model_sem_sim_com_FK_heur_sfun_registry.obj
 0001:0006bce0       sf_machine_global_method_dispatcher 000000018006cce0 f   Tetraedro_model_sem_sim_com_FK_heur_sfun_registry.obj
 0001:0006bd40       sf_machine_global_terminator 000000018006cd40 f   Tetraedro_model_sem_sim_com_FK_heur_sfun_registry.obj
 0001:0006bd90       sf_register_machine_exported_symbols 000000018006cd90 f   Tetraedro_model_sem_sim_com_FK_heur_sfun_registry.obj
 0001:0006bdb0       callCustomFcn              000000018006cdb0 f   Tetraedro_model_sem_sim_com_FK_heur_sfun_registry.obj
 0001:0006bdc0       sf_machine_global_initializer 000000018006cdc0 f   Tetraedro_model_sem_sim_com_FK_heur_sfun_registry.obj
 0001:0006be40       _ssSetStateAbsTol          000000018006ce40 f   Tetraedro_model_sem_sim_com_FK_heur_sfun_registry.obj
 0001:0006bf20       _ssGetAbsTol               000000018006cf20 f   Tetraedro_model_sem_sim_com_FK_heur_sfun_registry.obj
 0001:0006bf90       _ssSetInputPortMatrixDimensions 000000018006cf90 f   Tetraedro_model_sem_sim_com_FK_heur_sfun_registry.obj
 0001:0006c0a0       _ssSetOutputPortMatrixDimensions 000000018006d0a0 f   Tetraedro_model_sem_sim_com_FK_heur_sfun_registry.obj
 0001:0006c1b0       _ssSetInputPortVectorDimension 000000018006d1b0 f   Tetraedro_model_sem_sim_com_FK_heur_sfun_registry.obj
 0001:0006c270       _ssSetOutputPortVectorDimension 000000018006d270 f   Tetraedro_model_sem_sim_com_FK_heur_sfun_registry.obj
 0001:0006c330       ssIsRunTimeParamTunable    000000018006d330 f   Tetraedro_model_sem_sim_com_FK_heur_sfun_registry.obj
 0001:0006c3a0       ssGetSFuncBlockHandle      000000018006d3a0 f   Tetraedro_model_sem_sim_com_FK_heur_sfun_registry.obj
 0001:0006c410       _ssGetCurrentInputPortWidth 000000018006d410 f   Tetraedro_model_sem_sim_com_FK_heur_sfun_registry.obj
 0001:0006c530       _ssGetCurrentOutputPortWidth 000000018006d530 f   Tetraedro_model_sem_sim_com_FK_heur_sfun_registry.obj
 0001:0006c650       _ssGetCallSystemNumFcnCallDestinations 000000018006d650 f   Tetraedro_model_sem_sim_com_FK_heur_sfun_registry.obj
 0001:0006c6c0       ssWarning                  000000018006d6c0 f   Tetraedro_model_sem_sim_com_FK_heur_sfun_registry.obj
 0001:0006c7a0       ssGetIsZeroCrossControlDisabled 000000018006d7a0 f   Tetraedro_model_sem_sim_com_FK_heur_sfun_registry.obj
 0001:0006c810       ssSetIsInputPortUsedForContZcSignal 000000018006d810 f   Tetraedro_model_sem_sim_com_FK_heur_sfun_registry.obj
 0001:0006c880       ssSetZcSignalIsZcElementDisc 000000018006d880 f   Tetraedro_model_sem_sim_com_FK_heur_sfun_registry.obj
 0001:0006c910       ssSetZcSignalName          000000018006d910 f   Tetraedro_model_sem_sim_com_FK_heur_sfun_registry.obj
 0001:0006c980       ssSetZcSignalWidth         000000018006d980 f   Tetraedro_model_sem_sim_com_FK_heur_sfun_registry.obj
 0001:0006c9f0       ssSetZcSignalZcEventType   000000018006d9f0 f   Tetraedro_model_sem_sim_com_FK_heur_sfun_registry.obj
 0001:0006ca60       ssSetZcSignalType          000000018006da60 f   Tetraedro_model_sem_sim_com_FK_heur_sfun_registry.obj
 0001:0006cad0       ssSetZcSignalZcTol         000000018006dad0 f   Tetraedro_model_sem_sim_com_FK_heur_sfun_registry.obj
 0001:0006cb40       ssSetZcSignalNeedsEventNotification 000000018006db40 f   Tetraedro_model_sem_sim_com_FK_heur_sfun_registry.obj
 0001:0006cbb0       ssCreateAndAddZcSignalInfo 000000018006dbb0 f   Tetraedro_model_sem_sim_com_FK_heur_sfun_registry.obj
 0001:0006cc20       ssCloneAndAddZcSignalInfo  000000018006dc20 f   Tetraedro_model_sem_sim_com_FK_heur_sfun_registry.obj
 0001:0006cc90       ssGetNumZcSignals          000000018006dc90 f   Tetraedro_model_sem_sim_com_FK_heur_sfun_registry.obj
 0001:0006cd00       ssGetZcSignalVector        000000018006dd00 f   Tetraedro_model_sem_sim_com_FK_heur_sfun_registry.obj
 0001:0006cd70       ssGetZcSignalZcEvents      000000018006dd70 f   Tetraedro_model_sem_sim_com_FK_heur_sfun_registry.obj
 0001:0006cde0       ssGetZcSignalName          000000018006dde0 f   Tetraedro_model_sem_sim_com_FK_heur_sfun_registry.obj
 0001:0006ce50       ssGetZcSignalWidth         000000018006de50 f   Tetraedro_model_sem_sim_com_FK_heur_sfun_registry.obj
 0001:0006cec0       ssGetZcSignalZcEventType   000000018006dec0 f   Tetraedro_model_sem_sim_com_FK_heur_sfun_registry.obj
 0001:0006cf30       ssGetZcSignalType          000000018006df30 f   Tetraedro_model_sem_sim_com_FK_heur_sfun_registry.obj
 0001:0006cfa0       ssGetZcSignalZcTol         000000018006dfa0 f   Tetraedro_model_sem_sim_com_FK_heur_sfun_registry.obj
 0001:0006d020       ssGetZcSignalNeedsEventNotification 000000018006e020 f   Tetraedro_model_sem_sim_com_FK_heur_sfun_registry.obj
 0001:0006d090       ssGetZcSignalIsZcElementDisc 000000018006e090 f   Tetraedro_model_sem_sim_com_FK_heur_sfun_registry.obj
 0001:0006d110       ssGetIsInputPortElementContinuous 000000018006e110 f   Tetraedro_model_sem_sim_com_FK_heur_sfun_registry.obj
 0001:0006d190       _ssGetInputPortSignalPtrsFcn 000000018006e190 f   Tetraedro_model_sem_sim_com_FK_heur_sfun_registry.obj
 0001:0006d400       _ssGetInputPortSignalFcn   000000018006e400 f   Tetraedro_model_sem_sim_com_FK_heur_sfun_registry.obj
 0001:0006d5d0       _ssSetInputPortDirectFeedThroughFcn 000000018006e5d0 f   Tetraedro_model_sem_sim_com_FK_heur_sfun_registry.obj
 0001:0006d720       _ssSetInputPortReusableFcn 000000018006e720 f   Tetraedro_model_sem_sim_com_FK_heur_sfun_registry.obj
 0001:0006d810       _ssSetOutputPortReusableFcn 000000018006e810 f   Tetraedro_model_sem_sim_com_FK_heur_sfun_registry.obj
 0001:0006d8f0       ssGetDTypeIdFromMxArray    000000018006e8f0 f   Tetraedro_model_sem_sim_com_FK_heur_sfun_registry.obj
 0001:0006da10       ssWriteRTWStr              000000018006ea10 f   Tetraedro_model_sem_sim_com_FK_heur_sfun_registry.obj
 0001:0006da70       ssWriteRTWMxVectParam      000000018006ea70 f   Tetraedro_model_sem_sim_com_FK_heur_sfun_registry.obj
 0001:0006dad0       ssWriteRTWMx2dMatParam     000000018006ead0 f   Tetraedro_model_sem_sim_com_FK_heur_sfun_registry.obj
 0001:0006db50       ssWriteRTWNameValuePair    000000018006eb50 f   Tetraedro_model_sem_sim_com_FK_heur_sfun_registry.obj
 0001:0006e030       ssWriteRTWParameters       000000018006f030 f   Tetraedro_model_sem_sim_com_FK_heur_sfun_registry.obj
 0001:0006e630       ssWriteRTWParamSettings    000000018006f630 f   Tetraedro_model_sem_sim_com_FK_heur_sfun_registry.obj
 0001:0006ed00       ssWriteRTWWorkVect         000000018006fd00 f   Tetraedro_model_sem_sim_com_FK_heur_sfun_registry.obj
 0001:0006f200       mexFunction                0000000180070200 f   Tetraedro_model_sem_sim_com_FK_heur_sfun_registry.obj
 0001:00070f70       ProcessMexSfunctionEveryCall 0000000180071f70 f   Tetraedro_model_sem_sim_com_FK_heur_sfun_registry.obj
 0001:000710e0       Tetraedro_model_sem_sim_com_FK_heur_initializer 00000001800720e0 f   Tetraedro_model_sem_sim_com_FK_heur_sfun.obj
 0001:000710f0       Tetraedro_model_sem_sim_com_FK_heur_terminator 00000001800720f0 f   Tetraedro_model_sem_sim_com_FK_heur_sfun.obj
 0001:00071100       sf_Tetraedro_model_sem_sim_com_FK_heur_method_dispatcher 0000000180072100 f   Tetraedro_model_sem_sim_com_FK_heur_sfun.obj
 0001:00071360       sf_Tetraedro_model_sem_sim_com_FK_heur_process_check_sum_call 0000000180072360 f   Tetraedro_model_sem_sim_com_FK_heur_sfun.obj
 0001:000718d0       sf_Tetraedro_model_sem_sim_com_FK_heur_autoinheritance_info 00000001800728d0 f   Tetraedro_model_sem_sim_com_FK_heur_sfun.obj
 0001:00071f30       sf_Tetraedro_model_sem_sim_com_FK_heur_get_eml_resolved_functions_info 0000000180072f30 f   Tetraedro_model_sem_sim_com_FK_heur_sfun.obj
 0001:00072450       sf_Tetraedro_model_sem_sim_com_FK_heur_third_party_uses_info 0000000180073450 f   Tetraedro_model_sem_sim_com_FK_heur_sfun.obj
 0001:000728d0       Tetraedro_model_sem_sim_com_FK_heur_debug_initialize 00000001800738d0 f   Tetraedro_model_sem_sim_com_FK_heur_sfun.obj
 0001:00072950       Tetraedro_model_sem_sim_com_FK_heur_register_exported_symbols 0000000180073950 f   Tetraedro_model_sem_sim_com_FK_heur_sfun.obj
 0001:00072960       load_Tetraedro_model_sem_sim_com_FK_heur_optimization_info 0000000180073960 f   Tetraedro_model_sem_sim_com_FK_heur_sfun.obj
 0001:000729b0       unload_Tetraedro_model_sem_sim_com_FK_heur_optimization_info 00000001800739b0 f   Tetraedro_model_sem_sim_com_FK_heur_sfun.obj
 0001:00072ad0       sf_mex_mx_is_numeric       0000000180073ad0 f   sfc_mex:sfc_mex.obj
 0001:00072b10       strcmp_ignore_ws           0000000180073b10 f   sfc_mex:sfc_mex.obj
 0001:00072c50       sf_mex_duplicatearraysafe  0000000180073c50 f   sfc_mex:sfc_mex.obj
 0001:00072db0       sf_set_error_debugger_context_message_fcn 0000000180073db0 f   sfc_mex:sfc_mex.obj
 0001:00072dc0       sf_set_debugger_matlab_error_fcn 0000000180073dc0 f   sfc_mex:sfc_mex.obj
 0001:00072e00       sf_set_error_prefix_string 0000000180073e00 f   sfc_mex:sfc_mex.obj
 0001:00072e30       sf_get_error_prefix_string 0000000180073e30 f   sfc_mex:sfc_mex.obj
 0001:00072e40       sf_mex_enter_parallel_region 0000000180073e40 f   sfc_mex:sfc_mex.obj
 0001:00072e50       sf_mex_exit_parallel_region 0000000180073e50 f   sfc_mex:sfc_mex.obj
 0001:00072e60       sf_get_current_jmp_buf_ptr 0000000180073e60 f   sfc_mex:sfc_mex.obj
 0001:00072e70       sf_set_current_jmp_buf_ptr 0000000180073e70 f   sfc_mex:sfc_mex.obj
 0001:00072e80       sf_mex_set_halt_simulation 0000000180073e80 f   sfc_mex:sfc_mex.obj
 0001:00072e90       sf_mex_get_halt_simulation 0000000180073e90 f   sfc_mex:sfc_mex.obj
 0001:00072ea0       sf_mex_clear_error_message 0000000180073ea0 f   sfc_mex:sfc_mex.obj
 0001:00072ec0       sf_mex_get_error_message_for_read 0000000180073ec0 f   sfc_mex:sfc_mex.obj
 0001:00072ed0       sf_mex_get_error_message_buffer_length 0000000180073ed0 f   sfc_mex:sfc_mex.obj
 0001:00072fb0       sf_mex_warning_message     0000000180073fb0 f   sfc_mex:sfc_mex.obj
 0001:00073020       sf_mex_v_errbuf_createf    0000000180074020 f   sfc_mex:sfc_mex.obj
 0001:00073030       sf_mex_errbuf_createf      0000000180074030 f   sfc_mex:sfc_mex.obj
 0001:00073060       sf_mex_v_errbuf_catf       0000000180074060 f   sfc_mex:sfc_mex.obj
 0001:000730a0       sf_mex_errbuf_catf         00000001800740a0 f   sfc_mex:sfc_mex.obj
 0001:000730f0       sf_mex_errbuf_copy         00000001800740f0 f   sfc_mex:sfc_mex.obj
 0001:00073100       sf_mex_errbuf_clear        0000000180074100 f   sfc_mex:sfc_mex.obj
 0001:00073110       sf_mex_errbuf_isempty      0000000180074110 f   sfc_mex:sfc_mex.obj
 0001:00073210       sf_mex_set_error_status    0000000180074210 f   sfc_mex:sfc_mex.obj
 0001:00073260       sf_mex_error_direct_call   0000000180074260 f   sfc_mex:sfc_mex.obj
 0001:00073280       sf_mex_error_message_no_long_jump 0000000180074280 f   sfc_mex:sfc_mex.obj
 0001:000732a0       sf_mex_long_jump_on_error  00000001800742a0 f   sfc_mex:sfc_mex.obj
 0001:000732d0       sf_mex_call_matlab         00000001800742d0 f   sfc_mex:sfc_mex.obj
 0001:000733f0       sf_mex_check_builtin       00000001800743f0 f   sfc_mex:sfc_mex.obj
 0001:00073490       sf_mex_check_builtin_vs    0000000180074490 f   sfc_mex:sfc_mex.obj
 0001:00073550       sf_mex_check_enum          0000000180074550 f   sfc_mex:sfc_mex.obj
 0001:000735d0       sf_mex_create_enum         00000001800745d0 f   sfc_mex:sfc_mex.obj
 0001:00073640       sf_mex_get_enum_element    0000000180074640 f   sfc_mex:sfc_mex.obj
 0001:00073650       sf_mex_createcellarray     0000000180074650 f   sfc_mex:sfc_mex.obj
 0001:00073660       sf_mex_setcell             0000000180074660 f   sfc_mex:sfc_mex.obj
 0001:00073670       sf_mex_getcell             0000000180074670 f   sfc_mex:sfc_mex.obj
 0001:00073680       sf_mex_dup                 0000000180074680 f   sfc_mex:sfc_mex.obj
 0001:000736a0       sf_mex_assign              00000001800746a0 f   sfc_mex:sfc_mex.obj
 0001:00073720       sf_mex_destroy             0000000180074720 f   sfc_mex:sfc_mex.obj
 0001:00073750       mx_array_has_fi_type       0000000180074750 f   sfc_mex:sfc_mex.obj
 0001:00073780       sf_mex_convert_from_fi     0000000180074780 f   sfc_mex:sfc_mex.obj
 0001:000738b0       sf_mex_convert_to_double   00000001800748b0 f   sfc_mex:sfc_mex.obj
 0001:000739d0       sf_mex_import_fi_vs        00000001800749d0 f   sfc_mex:sfc_mex.obj
 0001:00073c00       sf_matrix_matrix_index_ok  0000000180074c00 f   sfc_mex:sfc_mex.obj
 0001:00073c90       sf_vector_vector_index_ok  0000000180074c90 f   sfc_mex:sfc_mex.obj
 0001:00073cc0       ssGetCurrentInputPortDimensions_wrapper 0000000180074cc0 f   sfc_mex:sfc_mex.obj
 0001:00073ce0       ssGetCurrentOutputPortDimensions_wrapper 0000000180074ce0 f   sfc_mex:sfc_mex.obj
 0001:00073d00       sf_mex_emlrt_context_is_debug_mode 0000000180074d00 f   sfc_mex:sfc_mex.obj
 0001:00073d10       sf_mex_emlrt_context_set_debug_mode 0000000180074d10 f   sfc_mex:sfc_mex.obj
 0001:00073d20       sf_mex_emlrtNameCapturePostProcessR2012a 0000000180074d20 f   sfc_mex:sfc_mex.obj
 0001:00073d90       sf_clear_error_manager_info 0000000180074d90 f   sfc_mex:sfc_mex.obj
 0001:00073df0       sf_mex_stop_simulation_abruptly_wo_error 0000000180074df0 f   sfc_mex:sfc_mex.obj
 0001:00073e30       sf_mex_error_message       0000000180074e30 f   sfc_mex:sfc_mex.obj
 0001:00073ea0       sf_react_to_error_in_matlab_call 0000000180074ea0 f   sfc_mex:sfc_mex.obj
 0001:00073ed0       sf_mex_addfield            0000000180074ed0 f   sfc_mex:sfc_mex.obj
 0001:00073f70       sf_mex_getfield            0000000180074f70 f   sfc_mex:sfc_mex.obj
 0001:00074270       sf_mex_check_class         0000000180075270 f   sfc_mex:sfc_mex.obj
 0001:00074310       sf_mex_is_real             0000000180075310 f   sfc_mex:sfc_mex.obj
 0001:00074780       sf_mex_decode_encoded_mx_struct_array 0000000180075780 f   sfc_mex:sfc_mex.obj
 0001:00074a70       sf_mex_lw_bounds_check     0000000180075a70 f   sfc_mex:sfc_mex.obj
 0001:00074aa0       sf_mex_lw_size_eq_check_1d 0000000180075aa0 f   sfc_mex:sfc_mex.obj
 0001:00074ac0       sf_mex_lw_size_eq_check_nd 0000000180075ac0 f   sfc_mex:sfc_mex.obj
 0001:00074ca0       sf_mex_lw_dim_size_eq_check 0000000180075ca0 f   sfc_mex:sfc_mex.obj
 0001:00074cd0       sf_mex_lw_dim_size_geq_check 0000000180075cd0 f   sfc_mex:sfc_mex.obj
 0001:00074d00       sf_mex_lw_sub_assign_size_check_nd 0000000180075d00 f   sfc_mex:sfc_mex.obj
 0001:00074ed0       sf_mex_lw_runtime_error_msgid 0000000180075ed0 f   sfc_mex:sfc_mex.obj
 0001:00074fc0       sf_mex_lw_matrix_matrix_index_check 0000000180075fc0 f   sfc_mex:sfc_mex.obj
 0001:00074fe0       sf_mex_lw_vector_vector_index_check 0000000180075fe0 f   sfc_mex:sfc_mex.obj
 0001:00075020       sf_mex_lw_for_loop_vector_check 0000000180076020 f   sfc_mex:sfc_mex.obj
 0001:000750b0       sf_mex_lw_non_negative_check 00000001800760b0 f   sfc_mex:sfc_mex.obj
 0001:000750f0       sf_mex_overflow_error      00000001800760f0 f   sfc_mex:sfc_mex.obj
 0001:00075100       sf_mex_dividebyzero_error  0000000180076100 f   sfc_mex:sfc_mex.obj
 0001:00075110       sf_mex_unsafe_enum_error   0000000180076110 f   sfc_mex:sfc_mex.obj
 0001:00075120       sf_emlrtErrHandler         0000000180076120 f   sfc_mex:sfc_mex.obj
 0001:00075200       sf_mex_size_one_check      0000000180076200 f   sfc_mex:sfc_mex.obj
 0001:00075220       sf_mex_printf              0000000180076220 f   sfc_mex:sfc_mex.obj
 0001:000753f0       sf_mex_check_size          00000001800763f0 f   sfc_mex:sfc_mex.obj
 0001:00075690       sf_mex_check_struct        0000000180076690 f   sfc_mex:sfc_mex.obj
 0001:000758f0       sf_mex_check_struct_vs     00000001800768f0 f   sfc_mex:sfc_mex.obj
 0001:00075980       sf_mex_check_fi            0000000180076980 f   sfc_mex:sfc_mex.obj
 0001:00075a80       sf_mex_check_fi_vs         0000000180076a80 f   sfc_mex:sfc_mex.obj
 0001:00075b20       sf_echo_expression         0000000180076b20 f   sfc_mex:sfc_mex.obj
 0001:00075b80       sf_assertion_failed        0000000180076b80 f   sfc_mex:sfc_mex.obj
 0001:00075e60       sf_mex_evalin              0000000180076e60 f   sfc_mex:sfc_mex.obj
 0001:000760d0       sf_mex_export              00000001800770d0 f   sfc_mex:sfc_mex.obj
 0001:00076190       sf_mex_get_ml_var_no_error 0000000180077190 f   sfc_mex:sfc_mex.obj
 0001:00076330       sf_mex_get_ml_var          0000000180077330 f   sfc_mex:sfc_mex.obj
 0001:000767c0       ml_set_element_value_in_array 00000001800777c0 f   sfc_mex:sfc_mex.obj
 0001:00077880       sf_mex_call_impl           0000000180078880 f   sfc_mex:sfc_mex.obj
 0001:00077ca0       sf_mex_call_debug          0000000180078ca0 f   sfc_mex:sfc_mex.obj
 0001:00077cd0       sf_mex_call                0000000180078cd0 f   sfc_mex:sfc_mex.obj
 0001:00078320       sf_mex_createstruct        0000000180079320 f   sfc_mex:sfc_mex.obj
 0001:00078430       sf_mex_createstructarray   0000000180079430 f   sfc_mex:sfc_mex.obj
 0001:000784b0       sf_mex_get_mx_datatype_from_sf_datatype 00000001800794b0 f   sfc_mex:sfc_mex.obj
 0001:000787c0       sf_mex_ml_var_sub          00000001800797c0 f   sfc_mex:sfc_mex.obj
 0001:000789a0       sf_mex_ml_var_subsasgn     00000001800799a0 f   sfc_mex:sfc_mex.obj
 0001:00078da0       sf_mex_sub                 0000000180079da0 f   sfc_mex:sfc_mex.obj
 0001:00078fb0       sf_mex_subsasgn            0000000180079fb0 f   sfc_mex:sfc_mex.obj
 0001:000794c0       sf_mex_create              000000018007a4c0 f   sfc_mex:sfc_mex.obj
 0001:00079e60       sf_mex_import_named        000000018007ae60 f   sfc_mex:sfc_mex.obj
 0001:00079ec0       sf_mex_import              000000018007aec0 f   sfc_mex:sfc_mex.obj
 0001:00079f10       sf_mex_import_vs           000000018007af10 f   sfc_mex:sfc_mex.obj
 0001:0007a020       sf_mex_lower_fixpt_mx_array 000000018007b020 f   sfc_mex:sfc_mex.obj
 0001:0007a320       sf_send_message_wrapper    000000018007b320 f   sfc_mex:sfc_sf.obj
 0001:0007a350       sf_receive_message_wrapper 000000018007b350 f   sfc_mex:sfc_sf.obj
 0001:0007a390       sf_check_out_message_wrapper 000000018007b390 f   sfc_mex:sfc_sf.obj
 0001:0007a3d0       sf_check_in_message_wrapper 000000018007b3d0 f   sfc_mex:sfc_sf.obj
 0001:0007a410       sf_no_message_wrapper      000000018007b410 f   sfc_mex:sfc_sf.obj
 0001:0007a7a0       sim_mode_is_rtw_gen        000000018007b7a0 f   sfc_mex:sfc_sf.obj
 0001:0007a7d0       sim_mode_is_external       000000018007b7d0 f   sfc_mex:sfc_sf.obj
 0001:0007a7e0       sim_mode_is_modelref_sim   000000018007b7e0 f   sfc_mex:sfc_sf.obj
 0001:0007a800       mdlInitializeSizes         000000018007b800 f   sfc_mex:sfc_sf.obj
 0001:0007a820       mdlInitializeSampleTimes   000000018007b820 f   sfc_mex:sfc_sf.obj
 0001:0007a860       mdlZeroCrossings           000000018007b860 f   sfc_mex:sfc_sf.obj
 0001:0007a950       mdlDerivatives             000000018007b950 f   sfc_mex:sfc_sf.obj
 0001:0007aa10       mdl_initialize_conditions_processing 000000018007ba10 f   sfc_mex:sfc_sf.obj
 0001:0007aa40       mdlInitializeConditions    000000018007ba40 f   sfc_mex:sfc_sf.obj
 0001:0007ab00       mdlGetSimState             000000018007bb00 f   sfc_mex:sfc_sf.obj
 0001:0007ab10       mdlSetSimState             000000018007bb10 f   sfc_mex:sfc_sf.obj
 0001:0007ab20       mdl_ext_mode_exec_processing 000000018007bb20 f   sfc_mex:sfc_sf.obj
 0001:0007ab40       mdlExtModeExec             000000018007bb40 f   sfc_mex:sfc_sf.obj
 0001:0007ace0       mdlTerminate               000000018007bce0 f   sfc_mex:sfc_sf.obj
 0001:0007ad50       mdlRTW                     000000018007bd50 f   sfc_mex:sfc_sf.obj
 0001:0007ad80       mdlSetWorkWidths           000000018007bd80 f   sfc_mex:sfc_sf.obj
 0001:0007ad90       mdlProcessParameters       000000018007bd90 f   sfc_mex:sfc_sf.obj
 0001:0007ada0       mdl_start_processing       000000018007bda0 f   sfc_mex:sfc_sf.obj
 0001:0007ae00       mdlStart                   000000018007be00 f   sfc_mex:sfc_sf.obj
 0001:0007af10       mdlEnable                  000000018007bf10 f   sfc_mex:sfc_sf.obj
 0001:0007aff0       mdlDisable                 000000018007bff0 f   sfc_mex:sfc_sf.obj
 0001:0007b0b0       sf_get_chart_instance_ptr  000000018007c0b0 f   sfc_mex:sfc_sf.obj
 0001:0007b0d0       sf_load_rtw_optimization_info 000000018007c0d0 f   sfc_mex:sfc_sf.obj
 0001:0007b1a0       sf_update_buildInfo        000000018007c1a0 f   sfc_mex:sfc_sf.obj
 0001:0007b2a0       sf_rtw_info_uint_prop      000000018007c2a0 f   sfc_mex:sfc_sf.obj
 0001:0007b3e0       sf_is_chart_inlinable      000000018007c3e0 f   sfc_mex:sfc_sf.obj
 0001:0007b400       sf_mark_output_events_with_multiple_callers 000000018007c400 f   sfc_mex:sfc_sf.obj
 0001:0007b590       sf_mark_chart_reusable_outputs 000000018007c590 f   sfc_mex:sfc_sf.obj
 0001:0007b7f0       sf_mark_chart_expressionable_inputs 000000018007c7f0 f   sfc_mex:sfc_sf.obj
 0001:0007ba50       sf_get_subchart_simstruct  000000018007ca50 f   sfc_mex:sfc_sf.obj
 0001:0007baa0       sf_get_fixpt_data_type_id  000000018007caa0 f   sfc_mex:sfc_sf.obj
 0001:0007bae0       sf_get_enum_data_type_id   000000018007cae0 f   sfc_mex:sfc_sf.obj
 0001:0007bb20       sf_get_param_data_type_id  000000018007cb20 f   sfc_mex:sfc_sf.obj
 0001:0007bb50       sf_mex_listen_for_ctrl_c_force 000000018007cb50 f   sfc_mex:sfc_sf.obj
 0001:0007bc60       sf_mex_draw_now            000000018007cc60 f   sfc_mex:sfc_sf.obj
 0001:0007bca0       sf_mex_set_debugger_sim_status_listener_fcn 000000018007cca0 f   sfc_mex:sfc_sf.obj
 0001:0007bcb0       sf_mex_listen_for_ctrl_c   000000018007ccb0 f   sfc_mex:sfc_sf.obj
 0001:0007bd50       sf_mex_get_sfun_param      000000018007cd50 f   sfc_mex:sfc_sf.obj
 0001:0007bda0       sf_get_runtime_param_data  000000018007cda0 f   sfc_mex:sfc_sf.obj
 0001:0007bde0       sf_call_output_fcn_call    000000018007cde0 f   sfc_mex:sfc_sf.obj
 0001:0007bf20       sf_call_output_fcn_enable  000000018007cf20 f   sfc_mex:sfc_sf.obj
 0001:0007bfb0       sf_call_output_fcn_disable 000000018007cfb0 f   sfc_mex:sfc_sf.obj
 0001:0007c040       sf_clear_rtw_identifier    000000018007d040 f   sfc_mex:sfc_sf.obj
 0001:0007c860       sf_set_encoded_dwork_info  000000018007d860 f   sfc_mex:sfc_sf.obj
 0001:0007c8b0       sf_get_dwork_info_from_mat_file 000000018007d8b0 f   sfc_mex:sfc_sf.obj
 0001:0007ca70       sf_set_rtw_dwork_info      000000018007da70 f   sfc_mex:sfc_sf.obj
 0001:0007cbe0       mdlOutputs                 000000018007dbe0 f   sfc_mex:sfc_sf.obj
 0001:0007cd00       sf_debug_chart_instance_initialized_quick 000000018007dd00 f   sfc_debug:sfcdebug.obj
 0001:0007cd80       sf_debug_disp              000000018007dd80 f   sfc_debug:sfcdebug.obj
 0001:0007d050       sf_debug_data_runtime_size_mismatch_error_check 000000018007e050 f   sfc_debug:sfcdebug.obj
 0001:0007d100       sf_debug_try_loading_machine 000000018007e100 f   sfc_debug:sfcdebug.obj
 0001:0007d200       sf_debug_reset_current_state_configuration 000000018007e200 f   sfc_debug:sfcdebug.obj
 0001:0007d280       sf_debug_store_current_state_configuration 000000018007e280 f   sfc_debug:sfcdebug.obj
 0001:0007d300       sf_debug_restore_previous_state_configuration 000000018007e300 f   sfc_debug:sfcdebug.obj
 0001:0007d380       sf_debug_restore_previous_state_configuration2 000000018007e380 f   sfc_debug:sfcdebug.obj
 0001:0007d400       sf_debug_get_event_scope   000000018007e400 f   sfc_debug:sfcdebug.obj
 0001:0007d570       use_debugger_step_animation 000000018007e570 f   sfc_debug:sfcdebug.obj
 0001:0007d590       sf_debug_get_script_id     000000018007e590 f   sfc_debug:sfcdebug.obj
 0001:0007d620       sf_debug_set_script_translation 000000018007e620 f   sfc_debug:sfcdebug.obj
 0001:0007d7a0       sf_debug_extract_message_post_receive_info 000000018007e7a0 f   sfc_debug:sfcdebug.obj
 0001:0007d960       sf_debug_get_current_machine_id 000000018007e960 f   sfc_debug:sfcdebug.obj
 0001:0007d980       sf_debug_get_current_optional_integer 000000018007e980 f   sfc_debug:sfcdebug.obj
 0001:0007d990       sf_debug_get_current_machine_number 000000018007e990 f   sfc_debug:sfcdebug.obj
 0001:0007d9b0       sf_debug_get_current_machine_name 000000018007e9b0 f   sfc_debug:sfcdebug.obj
 0001:0007d9d0       sf_debug_get_current_chart_id 000000018007e9d0 f   sfc_debug:sfcdebug.obj
 0001:0007da10       sf_debug_get_current_chart_number 000000018007ea10 f   sfc_debug:sfcdebug.obj
 0001:0007da20       sf_debug_get_current_instance_number 000000018007ea20 f   sfc_debug:sfcdebug.obj
 0001:0007da30       sf_debug_get_current_is_minor_time_step 000000018007ea30 f   sfc_debug:sfcdebug.obj
 0001:0007dab0       sf_debug_get_current_object_type 000000018007eab0 f   sfc_debug:sfcdebug.obj
 0001:0007dac0       sf_debug_get_current_instance_handle 000000018007eac0 f   sfc_debug:sfcdebug.obj
 0001:0007db20       sf_debug_get_current_event_type 000000018007eb20 f   sfc_debug:sfcdebug.obj
 0001:0007db30       sf_debug_get_current_object_id 000000018007eb30 f   sfc_debug:sfcdebug.obj
 0001:0007db70       sf_debug_get_current_active_event_type 000000018007eb70 f   sfc_debug:sfcdebug.obj
 0001:0007db80       sf_debug_get_current_active_event_id 000000018007eb80 f   sfc_debug:sfcdebug.obj
 0001:0007dbc0       sf_debug_get_current_tag_type 000000018007ebc0 f   sfc_debug:sfcdebug.obj
 0001:0007dbd0       sf_debug_get_current_simulation_time 000000018007ebd0 f   sfc_debug:sfcdebug.obj
 0001:0007dbe0       sf_debug_get_current_coverage_percentage 000000018007ebe0 f   sfc_debug:sfcdebug.obj
 0001:0007dbf0       sf_debug_current_statement_context 000000018007ebf0 f   sfc_debug:sfcdebug.obj
 0001:0007dc70       sf_debug_get_current_statement_info 000000018007ec70 f   sfc_debug:sfcdebug.obj
 0001:0007de10       sf_debug_terminate_instance 000000018007ee10 f   sfc_debug:sfcdebug.obj
 0001:0007e130       sf_debug_assertion_failed  000000018007f130 f   sfc_debug:sfcdebug.obj
 0001:0007e300       sf_debug_create_debug_instance_struct 000000018007f300 f   sfc_debug:sfcdebug.obj
 0001:0007e350       sf_debug_set_number_of_data_with_change_event_for_machine 000000018007f350 f   sfc_debug:sfcdebug.obj
 0001:0007e3a0       sf_debug_set_machine_event_thresholds 000000018007f3a0 f   sfc_debug:sfcdebug.obj
 0001:0007e3c0       sf_debug_set_machine_event_scope 000000018007f3c0 f   sfc_debug:sfcdebug.obj
 0001:0007e410       sf_debug_set_machine_data_thresholds 000000018007f410 f   sfc_debug:sfcdebug.obj
 0001:0007e460       sf_debug_set_machine_data_scope 000000018007f460 f   sfc_debug:sfcdebug.obj
 0001:0007e500       sf_debug_set_machine_data_name 000000018007f500 f   sfc_debug:sfcdebug.obj
 0001:0007e5b0       sf_debug_set_machine_data_size 000000018007f5b0 f   sfc_debug:sfcdebug.obj
 0001:0007e700       sf_debug_set_machine_data_type 000000018007f700 f   sfc_debug:sfcdebug.obj
 0001:0007e870       sf_debug_get_chart_data_number 000000018007f870 f   sfc_debug:sfcdebug.obj
 0001:0007e890       sf_debug_get_chart_event_number 000000018007f890 f   sfc_debug:sfcdebug.obj
 0001:0007e8b0       sf_debug_set_chart_state_info 000000018007f8b0 f   sfc_debug:sfcdebug.obj
 0001:0007e940       sf_debug_set_chart_decomposition 000000018007f940 f   sfc_debug:sfcdebug.obj
 0001:0007e9b0       sf_debug_set_chart_substate_count 000000018007f9b0 f   sfc_debug:sfcdebug.obj
 0001:0007ea90       sf_debug_set_chart_substate_index 000000018007fa90 f   sfc_debug:sfcdebug.obj
 0001:0007eb10       sf_debug_set_chart_state_substate_count 000000018007fb10 f   sfc_debug:sfcdebug.obj
 0001:0007ec30       sf_debug_set_chart_state_substate_index 000000018007fc30 f   sfc_debug:sfcdebug.obj
 0001:0007ecc0       sf_debug_set_number_of_data_with_change_event_for_chart 000000018007fcc0 f   sfc_debug:sfcdebug.obj
 0001:0007ed50       sf_debug_set_number_of_states_with_entry_event_for_chart 000000018007fd50 f   sfc_debug:sfcdebug.obj
 0001:0007edd0       sf_debug_set_number_of_states_with_exit_event_for_chart 000000018007fdd0 f   sfc_debug:sfcdebug.obj
 0001:0007ee50       sf_debug_set_chart_disable_implicit_casting 000000018007fe50 f   sfc_debug:sfcdebug.obj
 0001:0007eec0       sf_debug_set_chart_event_thresholds 000000018007fec0 f   sfc_debug:sfcdebug.obj
 0001:0007ef40       sf_debug_set_chart_data_compiled_props 000000018007ff40 f   sfc_debug:sfcdebug.obj
 0001:0007f280       sf_debug_set_chart_data_props 0000000180080280 f   sfc_debug:sfcdebug.obj
 0001:0007f5a0       sf_debug_check_fi_license  00000001800805a0 f   sfc_debug:sfcdebug.obj
 0001:0007f760       sf_debug_symbol_scope_push 0000000180080760 f   sfc_debug:sfcdebug.obj
 0001:0007f7a0       sf_debug_symbol_scope_push_eml 00000001800807a0 f   sfc_debug:sfcdebug.obj
 0001:0007f7f0       sf_debug_symbol_scope_pop  00000001800807f0 f   sfc_debug:sfcdebug.obj
 0001:0007f830       sf_debug_symbol_scope_add_importable 0000000180080830 f   sfc_debug:sfcdebug.obj
 0001:0007f8b0       sf_debug_symbol_scope_add  00000001800808b0 f   sfc_debug:sfcdebug.obj
 0001:0007f930       sf_debug_symbol_scope_add_dyn_importable 0000000180080930 f   sfc_debug:sfcdebug.obj
 0001:0007f9f0       sf_debug_symbol_scope_add_dyn 00000001800809f0 f   sfc_debug:sfcdebug.obj
 0001:0007fa30       sf_debug_symbol_scope_add_eml_importable 0000000180080a30 f   sfc_debug:sfcdebug.obj
 0001:0007fa70       sf_debug_symbol_scope_add_eml 0000000180080a70 f   sfc_debug:sfcdebug.obj
 0001:0007fab0       sf_debug_symbol_scope_add_eml_dyn_importable 0000000180080ab0 f   sfc_debug:sfcdebug.obj
 0001:0007fb10       sf_debug_symbol_scope_add_eml_dyn 0000000180080b10 f   sfc_debug:sfcdebug.obj
 0001:0007fb70       sf_debug_symbol_switch     0000000180080b70 f   sfc_debug:sfcdebug.obj
 0001:0007fb90       sf_debug_symbol_scope_add_verbose 0000000180080b90 f   sfc_debug:sfcdebug.obj
 0001:0007fc60       sf_debug_set_machine_data_value_ptr 0000000180080c60 f   sfc_debug:sfcdebug.obj
 0001:0007fca0       sf_debug_set_instance_data_value_ptr 0000000180080ca0 f   sfc_debug:sfcdebug.obj
 0001:0007fd70       sf_debug_unset_instance_data_value_ptr 0000000180080d70 f   sfc_debug:sfcdebug.obj
 0001:0007fe20       sf_debug_set_chart_event_scope 0000000180080e20 f   sfc_debug:sfcdebug.obj
 0001:0007fea0       sf_debug_set_chart_transition_coverage_maps 0000000180080ea0 f   sfc_debug:sfcdebug.obj
 0001:0007ffa0       sf_debug_set_chart_state_coverage_maps 0000000180080fa0 f   sfc_debug:sfcdebug.obj
 0001:00080070       sf_debug_set_instance_transition_coverage_weights 0000000180081070 f   sfc_debug:sfcdebug.obj
 0001:00080100       sf_debug_set_instance_state_coverage_weights 0000000180081100 f   sfc_debug:sfcdebug.obj
 0001:00080350       sf_debug_unload_machine    0000000180081350 f   sfc_debug:sfcdebug.obj
 0001:000803a0       sf_debug_load_machine      00000001800813a0 f   sfc_debug:sfcdebug.obj
 0001:000804b0       sf_debug_set_active_instance_in_data_dictionary 00000001800814b0 f   sfc_debug:sfcdebug.obj
 0001:00080690       sf_debug_set_active_instance 0000000180081690 f   sfc_debug:sfcdebug.obj
 0001:000807f0       sf_debug_chart_visiblity_change 00000001800817f0 f   sfc_debug:sfcdebug.obj
 0001:000808e0       sf_debug_select_chart      00000001800818e0 f   sfc_debug:sfcdebug.obj
 0001:00080a40       sf_debug_set_instance_cv_ids 0000000180081a40 f   sfc_debug:sfcdebug.obj
 0001:00080d70       sf_debug_select_charts     0000000180081d70 f   sfc_debug:sfcdebug.obj
 0001:00080f20       sf_debug_initialized       0000000180081f20 f   sfc_debug:sfcdebug.obj
 0001:00080f40       sf_debug_is_uninterruptible 0000000180081f40 f   sfc_debug:sfcdebug.obj
 0001:00080f70       sf_debug_initialize_debugger_gui 0000000180081f70 f   sfc_debug:sfcdebug.obj
 0001:00081350       sf_debug_resume            0000000180082350 f   sfc_debug:sfcdebug.obj
 0001:00081370       sf_debug_go                0000000180082370 f   sfc_debug:sfcdebug.obj
 0001:00081380       sf_debug_break             0000000180082380 f   sfc_debug:sfcdebug.obj
 0001:00081390       sf_debug_step_over         0000000180082390 f   sfc_debug:sfcdebug.obj
 0001:000813a0       sf_debug_step_out          00000001800823a0 f   sfc_debug:sfcdebug.obj
 0001:000813b0       sf_debug_set_disable_all_breakpoints 00000001800823b0 f   sfc_debug:sfcdebug.obj
 0001:000813c0       sf_debug_disable_all_breakpoints_and_go 00000001800823c0 f   sfc_debug:sfcdebug.obj
 0001:000813d0       sf_debug_break_on_chart_entry 00000001800823d0 f   sfc_debug:sfcdebug.obj
 0001:000813e0       sf_debug_break_on_event_broadcast 00000001800823e0 f   sfc_debug:sfcdebug.obj
 0001:000813f0       sf_debug_break_on_state_entry 00000001800823f0 f   sfc_debug:sfcdebug.obj
 0001:00081400       sf_debug_break_between_times 0000000180082400 f   sfc_debug:sfcdebug.obj
 0001:00081420       sf_debug_browse_data       0000000180082420 f   sfc_debug:sfcdebug.obj
 0001:00081430       sf_debug_watch_data        0000000180082430 f   sfc_debug:sfcdebug.obj
 0001:00081460       sf_debug_assign_data       0000000180082460 f   sfc_debug:sfcdebug.obj
 0001:00081470       sf_debug_whos              0000000180082470 f   sfc_debug:sfcdebug.obj
 0001:00081490       sf_debug_get_consistency_info 0000000180082490 f   sfc_debug:sfcdebug.obj
 0001:000814a0       sf_debug_browse_trace      00000001800824a0 f   sfc_debug:sfcdebug.obj
 0001:000814b0       sf_debug_set_breakpoints   00000001800824b0 f   sfc_debug:sfcdebug.obj
 0001:00081620       sf_debug_set_eml_breakpoints 0000000180082620 f   sfc_debug:sfcdebug.obj
 0001:00081780       sf_debug_set_script_breakpoints 0000000180082780 f   sfc_debug:sfcdebug.obj
 0001:00081800       sf_debug_add_script_breakpoints 0000000180082800 f   sfc_debug:sfcdebug.obj
 0001:00081870       sf_debug_clear_script_breakpoints 0000000180082870 f   sfc_debug:sfcdebug.obj
 0001:000818e0       sf_debug_query_script_breakpoints 00000001800828e0 f   sfc_debug:sfcdebug.obj
 0001:00081990       sf_debug_get_eml_script_id 0000000180082990 f   sfc_debug:sfcdebug.obj
 0001:000819e0       sf_debug_set_watch         00000001800829e0 f   sfc_debug:sfcdebug.obj
 0001:00081c00       sf_debug_get_instance_handle 0000000180082c00 f   sfc_debug:sfcdebug.obj
 0001:00081c90       sf_debug_get_active_states 0000000180082c90 f   sfc_debug:sfcdebug.obj
 0001:00081ca0       sf_debug_set_honor_breakpoints 0000000180082ca0 f   sfc_debug:sfcdebug.obj
 0001:00081cb0       sf_debug_get_animation     0000000180082cb0 f   sfc_debug:sfcdebug.obj
 0001:00081cc0       sf_debug_set_animation     0000000180082cc0 f   sfc_debug:sfcdebug.obj
 0001:00081cd0       sf_debug_animate           0000000180082cd0 f   sfc_debug:sfcdebug.obj
 0001:00081cf0       sf_debug_cycle_detection_check 0000000180082cf0 f   sfc_debug:sfcdebug.obj
 0001:00081d00       sf_debug_data_range_check  0000000180082d00 f   sfc_debug:sfcdebug.obj
 0001:00081d10       sf_debug_transition_conflict_check 0000000180082d10 f   sfc_debug:sfcdebug.obj
 0001:00081d20       sf_debug_state_consistency_check 0000000180082d20 f   sfc_debug:sfcdebug.obj
 0001:00081d30       sf_debug_data_range_check_enabled 0000000180082d30 f   sfc_debug:sfcdebug.obj
 0001:00081d50       sf_debug_transition_conflict_check_enabled 0000000180082d50 f   sfc_debug:sfcdebug.obj
 0001:00081d70       sf_debug_transition_conflict_check_begin 0000000180082d70 f   sfc_debug:sfcdebug.obj
 0001:00081d90       sf_debug_transition_conflict_check_end 0000000180082d90 f   sfc_debug:sfcdebug.obj
 0001:00081db0       sf_debug_stop_debugging    0000000180082db0 f   sfc_debug:sfcdebug.obj
 0001:00081de0       sf_debug_is_cycle_detected 0000000180082de0 f   sfc_debug:sfcdebug.obj
 0001:00081df0       sf_debug_is_array_bounds_detected 0000000180082df0 f   sfc_debug:sfcdebug.obj
 0001:00081e00       sf_debug_get_state_vectors_data_size 0000000180082e00 f   sfc_debug:sfcdebug.obj
 0001:00081e40       sf_debug_get_state_vectors_data 0000000180082e40 f   sfc_debug:sfcdebug.obj
 0001:00081f50       sf_debug_set_state_vectors_data 0000000180082f50 f   sfc_debug:sfcdebug.obj
 0001:000821e0       sf_debug_get_script_index  00000001800831e0 f   sfc_debug:sfcdebug.obj
 0001:00082370       sf_debug_add_script        0000000180083370 f   sfc_debug:sfcdebug.obj
 0001:00082500       cv_eval_point              0000000180083500 f   sfc_debug:sfcdebug.obj
 0001:00082670       cv_eval_testobjective      0000000180083670 f   sfc_debug:sfcdebug.obj
 0001:00082780       sf_debug_cv_init_state     0000000180083780 f   sfc_debug:sfcdebug.obj
 0001:000828b0       sf_debug_cv_init_chart     00000001800838b0 f   sfc_debug:sfcdebug.obj
 0001:000829a0       sf_debug_cv_init_trans     00000001800839a0 f   sfc_debug:sfcdebug.obj
 0001:00082ab0       sf_debug_cv_init_saturation 0000000180083ab0 f   sfc_debug:sfcdebug.obj
 0001:00082bb0       sf_debug_cv_init_testobjectives 0000000180083bb0 f   sfc_debug:sfcdebug.obj
 0001:00082d90       cv_eml_init_script         0000000180083d90 f   sfc_debug:sfcdebug.obj
 0001:00082eb0       cv_eml_init_fcn            0000000180083eb0 f   sfc_debug:sfcdebug.obj
 0001:00082fc0       cv_eml_init_testobjective  0000000180083fc0 f   sfc_debug:sfcdebug.obj
 0001:000830a0       cv_eml_init_saturation     00000001800840a0 f   sfc_debug:sfcdebug.obj
 0001:00083170       cv_eml_init_if             0000000180084170 f   sfc_debug:sfcdebug.obj
 0001:00083250       cv_eml_init_for            0000000180084250 f   sfc_debug:sfcdebug.obj
 0001:00083320       cv_eml_init_while          0000000180084320 f   sfc_debug:sfcdebug.obj
 0001:000833f0       cv_eml_init_mcdc           00000001800843f0 f   sfc_debug:sfcdebug.obj
 0001:00083510       cv_eml_init_switch         0000000180084510 f   sfc_debug:sfcdebug.obj
 0001:00083610       cv_eml_eval                0000000180084610 f   sfc_debug:sfcdebug.obj
 0001:00083700       sf_debug_bm_is_a_eml_breakpoint 0000000180084700 f   sfc_debug:sfcdebug.obj
 0001:00083850       sf_debug_temporal_threshold 0000000180084850 f   sfc_debug:sfcdebug.obj
 0001:00083bc0       sf_debug_transition_conflict_error 0000000180084bc0 f   sfc_debug:sfcdebug.obj
 0001:00083f20       sf_debug_state_inconsistency_error 0000000180084f20 f   sfc_debug:sfcdebug.obj
 0001:00084040       sf_debug_check_for_state_inconsistency 0000000180085040 f   sfc_debug:sfcdebug.obj
 0001:00084080       sf_debug_cycle_detecton_error 0000000180085080 f   sfc_debug:sfcdebug.obj
 0001:000847d0       sf_debug_size_eq_check_1d  00000001800857d0 f   sfc_debug:sfcdebug.obj
 0001:000847f0       sf_debug_size_eq_check_nd  00000001800857f0 f   sfc_debug:sfcdebug.obj
 0001:000849f0       sf_debug_dim_size_eq_check 00000001800859f0 f   sfc_debug:sfcdebug.obj
 0001:00084a20       sf_debug_dim_size_geq_check 0000000180085a20 f   sfc_debug:sfcdebug.obj
 0001:00084a50       sf_debug_sub_assign_size_check_nd 0000000180085a50 f   sfc_debug:sfcdebug.obj
 0001:00084c30       sf_debug_matrix_matrix_index_check 0000000180085c30 f   sfc_debug:sfcdebug.obj
 0001:00084c80       sf_debug_vector_vector_index_check 0000000180085c80 f   sfc_debug:sfcdebug.obj
 0001:00084cd0       sf_debug_for_loop_vector_check 0000000180085cd0 f   sfc_debug:sfcdebug.obj
 0001:00084d70       sf_debug_runtime_error_msgid 0000000180085d70 f   sfc_debug:sfcdebug.obj
 0001:00084e10       sf_debug_data_array_bounds_error_check 0000000180085e10 f   sfc_debug:sfcdebug.obj
 0001:00084f20       sf_debug_eml_data_array_bounds_error_check 0000000180085f20 f   sfc_debug:sfcdebug.obj
 0001:000853e0       sf_debug_integer_check     00000001800863e0 f   sfc_debug:sfcdebug.obj
 0001:000854d0       sf_debug_not_nan_check     00000001800864d0 f   sfc_debug:sfcdebug.obj
 0001:000855a0       sf_debug_non_negative_check 00000001800865a0 f   sfc_debug:sfcdebug.obj
 0001:00085670       sf_debug_overflow_detection 0000000180086670 f   sfc_debug:sfcdebug.obj
 0001:00085cd0       sf_debug_cast_to_real32_T  0000000180086cd0 f   sfc_debug:sfcdebug.obj
 0001:00085da0       sf_debug_cast_to_int8_T    0000000180086da0 f   sfc_debug:sfcdebug.obj
 0001:00085e70       sf_debug_cast_to_uint8_T   0000000180086e70 f   sfc_debug:sfcdebug.obj
 0001:00085f40       sf_debug_cast_to_int16_T   0000000180086f40 f   sfc_debug:sfcdebug.obj
 0001:00086010       sf_debug_cast_to_uint16_T  0000000180087010 f   sfc_debug:sfcdebug.obj
 0001:000860e0       sf_debug_cast_to_int32_T   00000001800870e0 f   sfc_debug:sfcdebug.obj
 0001:000861b0       sf_debug_cast_to_uint32_T  00000001800871b0 f   sfc_debug:sfcdebug.obj
 0001:00086280       sf_debug_data_range_error  0000000180087280 f   sfc_debug:sfcdebug.obj
 0001:00086590       sf_debug_read_before_write_check 0000000180087590 f   sfc_debug:sfcdebug.obj
 0001:000869c0       sf_debug_data_range_error_wrapper_min_max 00000001800879c0 f   sfc_debug:sfcdebug.obj
 0001:00086ae0       sf_debug_data_range_error_wrapper_min 0000000180087ae0 f   sfc_debug:sfcdebug.obj
 0001:00086bf0       sf_debug_data_range_error_wrapper_max 0000000180087bf0 f   sfc_debug:sfcdebug.obj
 0001:00086d00       sf_debug_data_range_wrapper 0000000180087d00 f   sfc_debug:sfcdebug.obj
 0001:00086dc0       sf_debug_set_current_status_info 0000000180087dc0 f   sfc_debug:sfcdebug.obj
 0001:00087160       sf_debug_register_message_post_receive_info 0000000180088160 f   sfc_debug:sfcdebug.obj
 0001:000873b0       sf_debug_call              00000001800883b0 f   sfc_debug:sfcdebug.obj
 0001:00087d10       sf_debug_initialize_machine 0000000180088d10 f   sfc_debug:sfcdebug.obj
 0001:00087fc0       sf_debug_initialize_chart  0000000180088fc0 f   sfc_debug:sfcdebug.obj
 0001:00088410       sf_debug_ensure_script     0000000180089410 f   sfc_debug:sfcdebug.obj
 0001:000884c0       cv_eval_saturation         00000001800894c0 f   sfc_debug:sfcdebug.obj
 0001:00088640       cv_saturation_accum        0000000180089640 f   sfc_debug:sfcdebug.obj
 0001:00088780       cv_script_init_script      0000000180089780 f   sfc_debug:sfcdebug.obj
 0001:00088870       cv_script_init_fcn         0000000180089870 f   sfc_debug:sfcdebug.obj
 0001:00088930       cv_script_init_testobjective 0000000180089930 f   sfc_debug:sfcdebug.obj
 0001:000889f0       cv_script_init_saturation  00000001800899f0 f   sfc_debug:sfcdebug.obj
 0001:00088aa0       cv_script_init_if          0000000180089aa0 f   sfc_debug:sfcdebug.obj
 0001:00088b60       cv_script_init_for         0000000180089b60 f   sfc_debug:sfcdebug.obj
 0001:00088c10       cv_script_init_while       0000000180089c10 f   sfc_debug:sfcdebug.obj
 0001:00088cc0       cv_script_init_mcdc        0000000180089cc0 f   sfc_debug:sfcdebug.obj
 0001:00088dc0       cv_script_init_switch      0000000180089dc0 f   sfc_debug:sfcdebug.obj
 0001:00088ea0       cv_script_eval             0000000180089ea0 f   sfc_debug:sfcdebug.obj
 0001:00088f70       eml_debug_line_call        0000000180089f70 f   sfc_debug:sfcdebug.obj
 0001:00089140       sf_debug_terminate         000000018008a140 f   sfc_debug:sfcdebug.obj
 0001:00089350       sf_debug_set_script_cv_ids 000000018008a350 f   sfc_debug:sfcdebug.obj
 0001:00089480       sf_debug_api               000000018008a480 f   sfc_debug:sfc_api.obj
 0001:0008ad70       sf_debug_sm_terminate      000000018008bd70 f   sfc_debug:sfdb_animation.obj
 0001:0008af20       sf_debug_reset_path_objects 000000018008bf20 f   sfc_debug:sfdb_animation.obj
 0001:0008afa0       sf_debug_sm_reset_object_selection_status 000000018008bfa0 f   sfc_debug:sfdb_animation.obj
 0001:0008b040       sf_debug_sm_reset_state_buffer 000000018008c040 f   sfc_debug:sfdb_animation.obj
 0001:0008b110       sf_debug_sm_store_state_buffer 000000018008c110 f   sfc_debug:sfdb_animation.obj
 0001:0008b190       sf_debug_sm_restore_state_buffer1 000000018008c190 f   sfc_debug:sfdb_animation.obj
 0001:0008b200       sf_debug_sm_restore_state_buffer2 000000018008c200 f   sfc_debug:sfdb_animation.obj
 0001:0008b270       sf_debug_sm_chart_active   000000018008c270 f   sfc_debug:sfdb_animation.obj
 0001:0008b2c0       sf_debug_sm_select_active_objects 000000018008c2c0 f   sfc_debug:sfdb_animation.obj
 0001:0008b790       sf_debug_sm_is_chart_active 000000018008c790 f   sfc_debug:sfdb_animation.obj
 0001:0008b7d0       sf_debug_sm_is_state_active 000000018008c7d0 f   sfc_debug:sfdb_animation.obj
 0001:0008ba10       sf_debug_sm_get_active_states 000000018008ca10 f   sfc_debug:sfdb_animation.obj
 0001:0008bfc0       sf_debug_sm_initialize_instance 000000018008cfc0 f   sfc_debug:sfdb_animation.obj
 0001:0008c1d0       sf_debug_sm_change_object_selection_status 000000018008d1d0 f   sfc_debug:sfdb_animation.obj
 0001:0008c4a0       cv_create_interface        000000018008d4a0 f   sfc_debug:cv_sfinterface.obj
 0001:0008c7b0       cv_init_trans              000000018008d7b0 f   sfc_debug:cv_sfinterface.obj
 0001:0008c800       cv_init_saturation         000000018008d800 f   sfc_debug:cv_sfinterface.obj
 0001:0008c840       cv_init_testobjective      000000018008d840 f   sfc_debug:cv_sfinterface.obj
 0001:0008c880       cv_init_state              000000018008d880 f   sfc_debug:cv_sfinterface.obj
 0001:0008c8f0       cv_init_chart              000000018008d8f0 f   sfc_debug:cv_sfinterface.obj
 0001:0008c940       cv_dec_update_call         000000018008d940 f   sfc_debug:cv_sfinterface.obj
 0001:0008c980       cv_cond_update_call        000000018008d980 f   sfc_debug:cv_sfinterface.obj
 0001:0008c9c0       cv_saturation_update_call  000000018008d9c0 f   sfc_debug:cv_sfinterface.obj
 0001:0008ca00       cv_saturation_update_accum 000000018008da00 f   sfc_debug:cv_sfinterface.obj
 0001:0008ca40       cv_testobjective_update_call 000000018008da40 f   sfc_debug:cv_sfinterface.obj
 0001:0008ca80       cv_sigrange_update         000000018008da80 f   sfc_debug:cv_sfinterface.obj
 0001:0008cac0       cvsf_eml_eval              000000018008dac0 f   sfc_debug:cv_sfinterface.obj
 0001:0008cba0       cvsf_eml_init_script       000000018008dba0 f   sfc_debug:cv_sfinterface.obj
 0001:0008cc30       cvsf_eml_init_fcn          000000018008dc30 f   sfc_debug:cv_sfinterface.obj
 0001:0008cc90       cvsf_eml_init_testobjective 000000018008dc90 f   sfc_debug:cv_sfinterface.obj
 0001:0008ccf0       cvsf_eml_init_saturation   000000018008dcf0 f   sfc_debug:cv_sfinterface.obj
 0001:0008cd40       cvsf_eml_init_if           000000018008dd40 f   sfc_debug:cv_sfinterface.obj
 0001:0008cda0       cvsf_eml_init_for          000000018008dda0 f   sfc_debug:cv_sfinterface.obj
 0001:0008cdf0       cvsf_eml_init_while        000000018008ddf0 f   sfc_debug:cv_sfinterface.obj
 0001:0008ce40       cvsf_eml_init_mcdc         000000018008de40 f   sfc_debug:cv_sfinterface.obj
 0001:0008ced0       cvsf_eml_init_switch       000000018008ded0 f   sfc_debug:cv_sfinterface.obj
 0001:0008cf40       cvsf_script_eval           000000018008df40 f   sfc_debug:cv_sfinterface.obj
 0001:0008d020       cvsf_script_init_script    000000018008e020 f   sfc_debug:cv_sfinterface.obj
 0001:0008d0b0       cvsf_script_init_fcn       000000018008e0b0 f   sfc_debug:cv_sfinterface.obj
 0001:0008d110       cvsf_script_init_testobjective 000000018008e110 f   sfc_debug:cv_sfinterface.obj
 0001:0008d170       cvsf_script_init_saturation 000000018008e170 f   sfc_debug:cv_sfinterface.obj
 0001:0008d1c0       cvsf_script_init_if        000000018008e1c0 f   sfc_debug:cv_sfinterface.obj
 0001:0008d220       cvsf_script_init_for       000000018008e220 f   sfc_debug:cv_sfinterface.obj
 0001:0008d270       cvsf_script_init_while     000000018008e270 f   sfc_debug:cv_sfinterface.obj
 0001:0008d2c0       cvsf_script_init_mcdc      000000018008e2c0 f   sfc_debug:cv_sfinterface.obj
 0001:0008d350       cvsf_script_init_switch    000000018008e350 f   sfc_debug:cv_sfinterface.obj
 0001:0008d3c0       cv_destroy_interface       000000018008e3c0 f   sfc_debug:cv_sfinterface.obj
 0001:0008d3e0       cv_create_instance_objects 000000018008e3e0 f   sfc_debug:cv_sfinterface.obj
 0001:0008d850       cv_is_enabled              000000018008e850 f   sfc_debug:cv_sfinterface.obj
 0001:0008d860       sf_debug_cv_initialize_script 000000018008e860 f   sfc_debug:cv_sfinterface.obj
 0001:0008d9f0       sf_debug_cv_initialize_instance 000000018008e9f0 f   sfc_debug:cv_sfinterface.obj
 0001:0008dd80       sf_debug_cv_terminate_chart 000000018008ed80 f   sfc_debug:cv_sfinterface.obj
 0001:0008dea0       cv_call_trans_test         000000018008eea0 f   sfc_debug:cv_sfinterface.obj
 0001:0008deb0       cv_call_sub_cond_test      000000018008eeb0 f   sfc_debug:cv_sfinterface.obj
 0001:0008def0       sf_debug_st_initialize_machine 000000018008eef0 f   sfc_debug:sfdb_data_browse.obj
 0001:0008dfa0       sf_debug_st_initialize_instance 000000018008efa0 f   sfc_debug:sfdb_data_browse.obj
 0001:0008e1b0       sf_debug_st_terminate      000000018008f1b0 f   sfc_debug:sfdb_data_browse.obj
 0001:0008e550       sf_debug_st_set_data_value_ptr_in_machine 000000018008f550 f   sfc_debug:sfdb_data_browse.obj
 0001:0008e5e0       sf_debug_st_set_data_value_ptr_in_instance 000000018008f5e0 f   sfc_debug:sfdb_data_browse.obj
 0001:0008e6c0       sf_debug_st_unset_data_value_ptr_in_machine 000000018008f6c0 f   sfc_debug:sfdb_data_browse.obj
 0001:0008e730       sf_debug_st_unset_data_value_ptr_in_instance 000000018008f730 f   sfc_debug:sfdb_data_browse.obj
 0001:0008e9f0       sf_debug_mx_value          000000018008f9f0 f   sfc_debug:sfdb_data_browse.obj
 0001:0008ea50       sf_debug_mx_packed_vector  000000018008fa50 f   sfc_debug:sfdb_data_browse.obj
 0001:0008eb30       sf_debug_mx_uint_vector    000000018008fb30 f   sfc_debug:sfdb_data_browse.obj
 0001:0008ebe0       sf_debug_st_get_double_value_from_void_ptr_vector 000000018008fbe0 f   sfc_debug:sfdb_data_browse.obj
 0001:0008f6c0       sf_debug_st_browse_data    00000001800906c0 f   sfc_debug:sfdb_data_browse.obj
 0001:0008ff00       sf_debug_hm_initialize_instance 0000000180090f00 f   sfc_debug:sfdb_handle_management.obj
 0001:000903e0       sf_debug_hm_get_object_id  00000001800913e0 f   sfc_debug:sfdb_handle_management.obj
 0001:00090f90       sf_debug_hm_update_chart_visibility 0000000180091f90 f   sfc_debug:sfdb_handle_management.obj
 0001:00092180       sf_debug_object_is_eml_function 0000000180093180 f   sfc_debug:sfdb_handle_management.obj
 0001:000921f0       sf_debug_hm_initialize_ids_in_machine 00000001800931f0 f   sfc_debug:sfdb_handle_management.obj
 0001:00092360       sf_debug_hm_initialize_ids_in_chart 0000000180093360 f   sfc_debug:sfdb_handle_management.obj
 0001:00092460       sf_debug_hm_initialize_chart 0000000180093460 f   sfc_debug:sfdb_handle_management.obj
 0001:00092b60       sf_debug_hm_terminate      0000000180093b60 f   sfc_debug:sfdb_handle_management.obj
 0001:00092bc0       sf_debug_hm_initialize_machine 0000000180093bc0 f   sfc_debug:sfdb_handle_management.obj
 0001:000932e0       sf_debug_ss_initialize     00000001800942e0 f   sfc_debug:sfdb_symbol_scope.obj
 0001:00093300       sf_debug_ss_terminate      0000000180094300 f   sfc_debug:sfdb_symbol_scope.obj
 0001:00093390       sf_debug_ss_push_symbol_scope 0000000180094390 f   sfc_debug:sfdb_symbol_scope.obj
 0001:00093490       sf_debug_ss_push_symbol_scope_eml 0000000180094490 f   sfc_debug:sfdb_symbol_scope.obj
 0001:000934f0       sf_debug_ss_pop_symbol_scope 00000001800944f0 f   sfc_debug:sfdb_symbol_scope.obj
 0001:000935a0       sf_debug_ss_add_symbol     00000001800945a0 f   sfc_debug:sfdb_symbol_scope.obj
 0001:00093710       sf_debug_ss_add_symbol_eml 0000000180094710 f   sfc_debug:sfdb_symbol_scope.obj
 0001:00094610       sf_debug_ss_set_data_value 0000000180095610 f   sfc_debug:sfdb_symbol_scope.obj
 0001:00094a60       getInstanceNumber          0000000180095a60 f   sfc_debug:sfdb_symbol_scope.obj
 0001:00094b30       sf_debug_ss_watch_data     0000000180095b30 f   sfc_debug:sfdb_symbol_scope.obj
 0001:00094d20       sf_debug_ss_assign_data    0000000180095d20 f   sfc_debug:sfdb_symbol_scope.obj
 0001:00095730       get_data_entry_name        0000000180096730 f   sfc_debug:sfdb_symbol_scope.obj
 0001:00095780       sf_debug_ss_whos           0000000180096780 f   sfc_debug:sfdb_symbol_scope.obj
 0001:00095dd0       sf_debug_cc_initialize_chart 0000000180096dd0 f   sfc_debug:sfdb_coverage.obj
 0001:000967c0       sf_debug_cc_initialize_instance 00000001800977c0 f   sfc_debug:sfdb_coverage.obj
 0001:00097500       sf_debug_cc_terminate      0000000180098500 f   sfc_debug:sfdb_coverage.obj
 0001:000975f0       sf_debug_cc_set_transition_maps 00000001800985f0 f   sfc_debug:sfdb_coverage.obj
 0001:00097720       sf_debug_cc_set_state_maps 0000000180098720 f   sfc_debug:sfdb_coverage.obj
 0001:00097800       sf_debug_cc_set_transition_weights 0000000180098800 f   sfc_debug:sfdb_coverage.obj
 0001:00097ac0       sf_debug_cc_set_state_weights 0000000180098ac0 f   sfc_debug:sfdb_coverage.obj
 0001:00097d90       sf_debug_cc_mark_transition_guard 0000000180098d90 f   sfc_debug:sfdb_coverage.obj
 0001:00097e20       sf_debug_cc_mark_transition_trigger 0000000180098e20 f   sfc_debug:sfdb_coverage.obj
 0001:00097eb0       sf_debug_cc_mark_transition_decision 0000000180098eb0 f   sfc_debug:sfdb_coverage.obj
 0001:00097f20       sf_debug_cc_mark_transition_condition_action 0000000180098f20 f   sfc_debug:sfdb_coverage.obj
 0001:00097f70       sf_debug_cc_mark_transition_transition_action 0000000180098f70 f   sfc_debug:sfdb_coverage.obj
 0001:00097fc0       sf_debug_cc_mark_state_entry 0000000180098fc0 f   sfc_debug:sfdb_coverage.obj
 0001:00098010       sf_debug_cc_mark_state_during 0000000180099010 f   sfc_debug:sfdb_coverage.obj
 0001:00098060       sf_debug_cc_mark_state_exit 0000000180099060 f   sfc_debug:sfdb_coverage.obj
 0001:000980b0       sf_debug_bm_clear_script_breakpoints 00000001800990b0 f   sfc_debug:sfdb_breakpoints.obj
 0001:000980e0       sf_debug_bm_set_script_breakpoint 00000001800990e0 f   sfc_debug:sfdb_breakpoints.obj
 0001:00098160       sf_debug_bm_clear_single_script_breakpoint 0000000180099160 f   sfc_debug:sfdb_breakpoints.obj
 0001:000981e0       sf_debug_bm_query_script_breakpoint 00000001800991e0 f   sfc_debug:sfdb_breakpoints.obj
 0001:00098230       sf_debug_bm_initialize_scripts 0000000180099230 f   sfc_debug:sfdb_breakpoints.obj
 0001:000988c0       sf_debug_bm_terminate      00000001800998c0 f   sfc_debug:sfdb_breakpoints.obj
 0001:00098ba0       sf_debug_bm_remove_all_breakpoints_in_machine 0000000180099ba0 f   sfc_debug:sfdb_breakpoints.obj
 0001:00098c00       sf_debug_bm_remove_all_breakpoints_in_chart 0000000180099c00 f   sfc_debug:sfdb_breakpoints.obj
 0001:00098d50       sf_debug_bm_initialize_global_breakpoints 0000000180099d50 f   sfc_debug:sfdb_breakpoints.obj
 0001:00098ed0       sf_debug_bm_set_breakpoint 0000000180099ed0 f   sfc_debug:sfdb_breakpoints.obj
 0001:00099490       sf_debug_bm_set_eml_breakpoint 000000018009a490 f   sfc_debug:sfdb_breakpoints.obj
 0001:00099520       sf_debug_bm_initialize_machine_breakpoint_map 000000018009a520 f   sfc_debug:sfdb_breakpoints.obj
 0001:00099940       sf_debug_bm_is_a_breakpoint 000000018009a940 f   sfc_debug:sfdb_breakpoints.obj
 0001:00099e60       sf_debug_bm_get_all_breakpoints_in_machine 000000018009ae60 f   sfc_debug:sfdb_breakpoints.obj
 0001:0009a160       sf_debug_bm_get_all_breakpoints_in_chart 000000018009b160 f   sfc_debug:sfdb_breakpoints.obj
 0001:0009acf0       sf_debug_bm_initialize_machine 000000018009bcf0 f   sfc_debug:sfdb_breakpoints.obj
 0001:0009adc0       sf_debug_bm_initialize_chart 000000018009bdc0 f   sfc_debug:sfdb_breakpoints.obj
 0001:0009b1b0       sf_debug_sc_terminate      000000018009c1b0 f   sfc_debug:sfdb_state_consistency.obj
 0001:0009b4d0       sf_debug_sc_is_chart_consistent 000000018009c4d0 f   sfc_debug:sfdb_state_consistency.obj
 0001:0009b780       sf_debug_sc_get_consistency_error_info 000000018009c780 f   sfc_debug:sfdb_state_consistency.obj
 0001:0009bb90       sf_debug_tm_terminate      000000018009cb90 f   sfc_debug:sfdb_call_stack.obj
 0001:0009bc40       sf_debug_tm_push_chart_instance 000000018009cc40 f   sfc_debug:sfdb_call_stack.obj
 0001:0009bd80       sf_debug_tm_pop_chart_instance 000000018009cd80 f   sfc_debug:sfdb_call_stack.obj
 0001:0009bde0       sf_debug_tm_push_trace_node 000000018009cde0 f   sfc_debug:sfdb_call_stack.obj
 0001:0009bf60       sf_debug_tm_pop_trace_node 000000018009cf60 f   sfc_debug:sfdb_call_stack.obj
 0001:0009bfe0       sf_debug_tm_get_current_global_trace_index 000000018009cfe0 f   sfc_debug:sfdb_call_stack.obj
 0001:0009bff0       sf_debug_tm_get_current_local_trace_index 000000018009cff0 f   sfc_debug:sfdb_call_stack.obj
 0001:0009c020       sf_debug_tm_set_cycle_detected_flag 000000018009d020 f   sfc_debug:sfdb_call_stack.obj
 0001:0009c060       sf_debug_tm_set_cycle_started_flag 000000018009d060 f   sfc_debug:sfdb_call_stack.obj
 0001:0009c0a0       sf_debug_tm_get_chart_number_from_stack 000000018009d0a0 f   sfc_debug:sfdb_call_stack.obj
 0001:0009c2a0       sf_debug_tm_browse_trace   000000018009d2a0 f   sfc_debug:sfdb_call_stack.obj
 0001:0009c5b0       sf_debug_cd_initialize_instance 000000018009d5b0 f   sfc_debug:sfdb_cycle_detection.obj
 0001:0009c860       sf_debug_cd_mark_processed_transition_in_instance 000000018009d860 f   sfc_debug:sfdb_cycle_detection.obj
 0001:0009c900       sf_debug_cd_checksum_push  000000018009d900 f   sfc_debug:sfdb_cycle_detection.obj
 0001:0009cbb0       sf_debug_cd_checksum_pop   000000018009dbb0 f   sfc_debug:sfdb_cycle_detection.obj
 0001:0009cc20       sf_debug_cd_turn_off_cycle_detection 000000018009dc20 f   sfc_debug:sfdb_cycle_detection.obj
 0001:0009cc70       sf_debug_cd_terminate      000000018009dc70 f   sfc_debug:sfdb_cycle_detection.obj
 0001:0009cea0       md5_initialize_state       000000018009dea0 f   sfc_debug:ckmd5.obj
 0001:0009d930       md5_update_state           000000018009e930 f   sfc_debug:ckmd5.obj
 0001:0009d950       md5_get_hash               000000018009e950 f   sfc_debug:ckmd5.obj
 0001:0009d980       md5_get_hash_for_a_single_string 000000018009e980 f   sfc_debug:ckmd5.obj
 0001:0009d9e0       mxGetPr                    000000018009e9e0 f   libmx:libmx.dll
 0001:0009d9e6       mxCreateDoubleScalar       000000018009e9e6 f   libmx:libmx.dll
 0001:0009d9ec       mxCreateDoubleMatrix_730   000000018009e9ec f   libmx:libmx.dll
 0001:0009d9f2       mxSetField_730             000000018009e9f2 f   libmx:libmx.dll
 0001:0009d9f8       mxCreateString             000000018009e9f8 f   libmx:libmx.dll
 0001:0009d9fe       mxCreateStructMatrix_730   000000018009e9fe f   libmx:libmx.dll
 0001:0009da04       mxCreateCellMatrix_730     000000018009ea04 f   libmx:libmx.dll
 0001:0009da0a       mxDestroyArray             000000018009ea0a f   libmx:libmx.dll
 0001:0009da10       mxDuplicateArray           000000018009ea10 f   libmx:libmx.dll
 0001:0009da16       mxGetNaN                   000000018009ea16 f   libmx:libmx.dll
 0001:0009da1c       mxGetString_730            000000018009ea1c f   libmx:libmx.dll
 0001:0009da22       mxIsChar                   000000018009ea22 f   libmx:libmx.dll
 0001:0009da28       mxGetClassID               000000018009ea28 f   libmx:libmx.dll
 0001:0009da2e       mxIsNumeric                000000018009ea2e f   libmx:libmx.dll
 0001:0009da34       mxIsComplex                000000018009ea34 f   libmx:libmx.dll
 0001:0009da3a       mxGetN                     000000018009ea3a f   libmx:libmx.dll
 0001:0009da40       mxGetM                     000000018009ea40 f   libmx:libmx.dll
 0001:0009da46       mxCalloc                   000000018009ea46 f   libmx:libmx.dll
 0001:0009da4c       mxGetScalar                000000018009ea4c f   libmx:libmx.dll
 0001:0009da52       mxIsLogical                000000018009ea52 f   libmx:libmx.dll
 0001:0009da58       mxCreateDoubleMatrix_700   000000018009ea58 f   libmx:libmx.dll
 0001:0009da5e       mxFree                     000000018009ea5e f   libmx:libmx.dll
 0001:0009da64       mxArrayToString            000000018009ea64 f   libmx:libmx.dll
 0001:0009da6a       mxCreateCellMatrix_700     000000018009ea6a f   libmx:libmx.dll
 0001:0009da70       mxSetCell_700              000000018009ea70 f   libmx:libmx.dll
 0001:0009da76       mxGetCell_700              000000018009ea76 f   libmx:libmx.dll
 0001:0009da7c       mxGetClassName             000000018009ea7c f   libmx:libmx.dll
 0001:0009da82       mxSetField_700             000000018009ea82 f   libmx:libmx.dll
 0001:0009da88       mxAddField                 000000018009ea88 f   libmx:libmx.dll
 0001:0009da8e       mxGetField_700             000000018009ea8e f   libmx:libmx.dll
 0001:0009da94       mxGetNumberOfElements      000000018009ea94 f   libmx:libmx.dll
 0001:0009da9a       mxIsStruct                 000000018009ea9a f   libmx:libmx.dll
[...]
 0001:00074370       sf_mex_check_complex       0000000180075370 f   sfc_mex:sfc_mex.obj
 0001:00074400       sf_mex_check_sparse        0000000180075400 f   sfc_mex:sfc_mex.obj
 0001:00074460       sf_mex_check_numerictype   0000000180075460 f   sfc_mex:sfc_mex.obj
 0001:000745f0       sf_mex_check_fimath        00000001800755f0 f   sfc_mex:sfc_mex.obj
 0001:00075150       size_mismatch_error        0000000180076150 f   sfc_mex:sfc_mex.obj
 0001:00075bc0       check_array_dimensions     0000000180076bc0 f   sfc_mex:sfc_mex.obj
 0001:00075c30       check_input_mxarray        0000000180076c30 f   sfc_mex:sfc_mex.obj
 0001:00076370       sf_numeric_value_to_double 0000000180077370 f   sfc_mex:sfc_mex.obj
 0001:000763c0       ml_generic_out_of_bounds_check 00000001800773c0 f   sfc_mex:sfc_mex.obj
 0001:00076580       ml_get_element_value_from_array 0000000180077580 f   sfc_mex:sfc_mex.obj
 0001:00076920       _ml_generic_castability_check 0000000180077920 f   sfc_mex:sfc_mex.obj
 0001:00077070       ml_generic_castability_check 0000000180078070 f   sfc_mex:sfc_mex.obj
 0001:00077110       ml_check_mx_array_for_single_castability 0000000180078110 f   sfc_mex:sfc_mex.obj
 0001:000771b0       ml_check_mx_array_for_logical_castability 00000001800781b0 f   sfc_mex:sfc_mex.obj
 0001:00077250       ml_check_mx_array_for_int8_castability 0000000180078250 f   sfc_mex:sfc_mex.obj
 0001:00077300       ml_check_mx_array_for_uint8_castability 0000000180078300 f   sfc_mex:sfc_mex.obj
 0001:00077360       ml_check_mx_array_for_int16_castability 0000000180078360 f   sfc_mex:sfc_mex.obj
 0001:000773c0       ml_check_mx_array_for_uint16_castability 00000001800783c0 f   sfc_mex:sfc_mex.obj
 0001:00077420       ml_check_mx_array_for_int32_castability 0000000180078420 f   sfc_mex:sfc_mex.obj
 0001:00077480       ml_check_mx_array_for_uint32_castability 0000000180078480 f   sfc_mex:sfc_mex.obj
 0001:000774e0       ml_check_mx_array_for_castability 00000001800784e0 f   sfc_mex:sfc_mex.obj
 0001:00077d00       set_data_value             0000000180078d00 f   sfc_mex:sfc_mex.obj
 0001:00078070       get_data_value             0000000180079070 f   sfc_mex:sfc_mex.obj
 0001:00078180       get_next_element_address   0000000180079180 f   sfc_mex:sfc_mex.obj
 0001:00078250       sf_normalize_index         0000000180079250 f   sfc_mex:sfc_mex.obj
 0001:00078600       ml_array_index_bound_check 0000000180079600 f   sfc_mex:sfc_mex.obj
 0001:00079180       mx_value                   000000018007a180 f   sfc_mex:sfc_mex.obj
 0001:000791d0       sf_create_numeric_array    000000018007a1d0 f   sfc_mex:sfc_mex.obj
 0001:00079270       sf_mex_assign_to_mx_array  000000018007a270 f   sfc_mex:sfc_mex.obj
 0001:000795e0       assign_from_mx_array       000000018007a5e0 f   sfc_mex:sfc_mex.obj
 0001:00079d40       sf_mex_import_v            000000018007ad40 f   sfc_mex:sfc_mex.obj
 0001:0007a450       get_machine_and_chart_file_number 000000018007b450 f   sfc_mex:sfc_sf.obj
 0001:0007a540       get_sfun_block_specialization 000000018007b540 f   sfc_mex:sfc_sf.obj
 0001:0007a5f0       call_sf_machine_global_method_dispatcher 000000018007b5f0 f   sfc_mex:sfc_sf.obj
 0001:0007a840       mdl_zeroCrossings_processing 000000018007b840 f   sfc_mex:sfc_sf.obj
 0001:0007a920       mdl_derivatives_processing 000000018007b920 f   sfc_mex:sfc_sf.obj
 0001:0007ac00       mdl_outputs_continuous_legacy 000000018007bc00 f   sfc_mex:sfc_sf.obj
 0001:0007ac80       mdl_outputs_processing     000000018007bc80 f   sfc_mex:sfc_sf.obj
 0001:0007aef0       mdl_enable_processing      000000018007bef0 f   sfc_mex:sfc_sf.obj
 0001:0007afd0       mdl_disable_processing     000000018007bfd0 f   sfc_mex:sfc_sf.obj
 0001:0007be60       sf_call_output_fcn_enable_disable 000000018007ce60 f   sfc_mex:sfc_sf.obj
 0001:0007c0e0       set_dwork_information_from_mx_array 000000018007d0e0 f   sfc_mex:sfc_sf.obj
 0001:0007c9d0       ptr2mxStruct               000000018007d9d0 f   sfc_mex:sfc_sf.obj
 0001:0007cce0       SNPRINTF_WRAPPER           000000018007dce0 f   sfc_debug:sfcdebug.obj
 0001:0007cd10       sf_debug_chart_instance_initialized 000000018007dd10 f   sfc_debug:sfcdebug.obj
 0001:0007ceb0       sfrtAddSize                000000018007deb0 f   sfc_debug:sfcdebug.obj
 0001:0007cf70       sfrtGenSizeString          000000018007df70 f   sfc_debug:sfcdebug.obj
 0001:0007d6c0       fill_single_message_info   000000018007e6c0 f   sfc_debug:sfcdebug.obj
 0001:0007d940       sf_debug_sim_status_listener 000000018007e940 f   sfc_debug:sfcdebug.obj
 0001:0007ded0       sf_debug_form_mask_bits    000000018007eed0 f   sfc_debug:sfcdebug.obj
 0001:0007def0       sf_debug_form_sf_data_type_offsets 000000018007eef0 f   sfc_debug:sfcdebug.obj
 0001:0007dfb0       sf_debug_free_all          000000018007efb0 f   sfc_debug:sfcdebug.obj
 0001:0007e140       sf_debug_append_debugger_context 000000018007f140 f   sfc_debug:sfcdebug.obj
 0001:0007e4b0       local_strdup               000000018007f4b0 f   sfc_debug:sfcdebug.obj
 0001:0007f430       sf_debug_em_terminate      0000000180080430 f   sfc_debug:sfcdebug.obj
 0001:0007f470       sf_debug_push_eml_function 0000000180080470 f   sfc_debug:sfcdebug.obj
 0001:0007f510       sf_debug_pop_eml_function  0000000180080510 f   sfc_debug:sfcdebug.obj
 0001:000801b0       sf_debug_get_machine_number_from_id_or_name 00000001800811b0 f   sfc_debug:sfcdebug.obj
 0001:00080300       sf_debug_get_chart_number_from_id 0000000180081300 f   sfc_debug:sfcdebug.obj
 0001:000810e0       sf_debug_transfer_control_to_debugger_GUI 00000001800820e0 f   sfc_debug:sfcdebug.obj
 0001:00082050       sf_debug_scripts_rehash    0000000180083050 f   sfc_debug:sfcdebug.obj
 0001:00082260       sf_debug_get_script_line_count 0000000180083260 f   sfc_debug:sfcdebug.obj
 0001:00082cb0       cv_eml_state_cvId          0000000180083cb0 f   sfc_debug:sfcdebug.obj
 0001:00082d20       cv_eml_trans_cvId          0000000180083d20 f   sfc_debug:sfcdebug.obj
 0001:000841a0       sf_debug_data_array_bounds_error 00000001800851a0 f   sfc_debug:sfcdebug.obj
 0001:00084550       eml_debug_runtime_error_doclink 0000000180085550 f   sfc_debug:sfcdebug.obj
 0001:000846c0       sf_debug_runtime_error     00000001800856c0 f   sfc_debug:sfcdebug.obj
 0001:00084730       sf_debug_matlab_error      0000000180085730 f   sfc_debug:sfcdebug.obj
 0001:000850a0       sf_debug_data_value_error  00000001800860a0 f   sfc_debug:sfcdebug.obj
 0001:00085970       sf_debug_data_loss_error   0000000180086970 f   sfc_debug:sfcdebug.obj
 0001:00086890       call_cv_range_check        0000000180087890 f   sfc_debug:sfcdebug.obj
 0001:000870f0       sf_debug_invoke_cycle_detection_code 00000001800880f0 f   sfc_debug:sfcdebug.obj
 0001:00087c60       sf_reset_debug_info_struct 0000000180088c60 f   sfc_debug:sfcdebug.obj
 0001:00088450       cv_script_cvId             0000000180089450 f   sfc_debug:sfcdebug.obj
 0001:00089610       sfc_api_chart_visible      000000018008a610 f   sfc_debug:sfc_api.obj
 0001:000896a0       sfc_api_active_instance    000000018008a6a0 f   sfc_debug:sfc_api.obj
 0001:00089730       sfc_api_machine_load       000000018008a730 f   sfc_debug:sfc_api.obj
 0001:00089820       sfc_api_debugger_alive     000000018008a820 f   sfc_debug:sfc_api.obj
 0001:00089830       sfc_api_go                 000000018008a830 f   sfc_debug:sfc_api.obj
 0001:00089840       sfc_api_step_over          000000018008a840 f   sfc_debug:sfc_api.obj
 0001:00089850       sfc_api_step_out           000000018008a850 f   sfc_debug:sfc_api.obj
 0001:00089860       sfc_api_resume             000000018008a860 f   sfc_debug:sfc_api.obj
 0001:00089870       sfc_api_break              000000018008a870 f   sfc_debug:sfc_api.obj
 0001:00089880       sfc_api_stop_debugging     000000018008a880 f   sfc_debug:sfc_api.obj
 0001:000898e0       sfc_api_is_cycle_detected  000000018008a8e0 f   sfc_debug:sfc_api.obj
 0001:00089940       sfc_api_is_array_bounds_detected 000000018008a940 f   sfc_debug:sfc_api.obj
 0001:000899a0       sfc_api_set_disable_all_breakpoints 000000018008a9a0 f   sfc_debug:sfc_api.obj
 0001:00089a20       sfc_api_disable_all_breakpoints_and_go 000000018008aa20 f   sfc_debug:sfc_api.obj
 0001:00089a30       sfc_api_close              000000018008aa30 f   sfc_debug:sfc_api.obj
 0001:00089a40       sfc_api_browse_data        000000018008aa40 f   sfc_debug:sfc_api.obj
 0001:00089ac0       sfc_api_watch_data         000000018008aac0 f   sfc_debug:sfc_api.obj
 0001:00089bd0       sfc_api_extract_message_post_receive_info 000000018008abd0 f   sfc_debug:sfc_api.obj
 0001:00089bf0       sfc_api_assign_data        000000018008abf0 f   sfc_debug:sfc_api.obj
 0001:00089ca0       sfc_api_whos               000000018008aca0 f   sfc_debug:sfc_api.obj
 0001:00089d30       sfc_api_get_consistency_info 000000018008ad30 f   sfc_debug:sfc_api.obj
 0001:00089d40       sfc_api_browse_trace       000000018008ad40 f   sfc_debug:sfc_api.obj
 0001:00089d50       sfc_api_break_on_chart_entry 000000018008ad50 f   sfc_debug:sfc_api.obj
 0001:00089d80       sfc_api_break_on_event_broadcast 000000018008ad80 f   sfc_debug:sfc_api.obj
 0001:00089db0       sfc_api_break_on_state_entry 000000018008adb0 f   sfc_debug:sfc_api.obj
 0001:00089de0       sfc_api_set_watch          000000018008ade0 f   sfc_debug:sfc_api.obj
 0001:00089e90       sfc_api_set_breakpoints    000000018008ae90 f   sfc_debug:sfc_api.obj
 0001:00089f50       sfc_api_set_eml_breakpoints 000000018008af50 f   sfc_debug:sfc_api.obj
 0001:00089ff0       sfc_api_set_script_breakpoints 000000018008aff0 f   sfc_debug:sfc_api.obj
 0001:0008a050       sfc_api_add_script_breakpoints 000000018008b050 f   sfc_debug:sfc_api.obj
 0001:0008a0b0       sfc_api_clear_script_breakpoints 000000018008b0b0 f   sfc_debug:sfc_api.obj
 0001:0008a110       sfc_api_query_script_breakpoints 000000018008b110 f   sfc_debug:sfc_api.obj
 0001:0008a180       sfc_api_get_script_id      000000018008b180 f   sfc_debug:sfc_api.obj
 0001:0008a240       sfc_api_get_active_states  000000018008b240 f   sfc_debug:sfc_api.obj
 0001:0008a2d0       sfc_api_break_between_times 000000018008b2d0 f   sfc_debug:sfc_api.obj
 0001:0008a340       sfc_api_get_instance_handle 000000018008b340 f   sfc_debug:sfc_api.obj
 0001:0008a410       sfc_api_set_animation      000000018008b410 f   sfc_debug:sfc_api.obj
 0001:0008a460       sfc_api_select_chart       000000018008b460 f   sfc_debug:sfc_api.obj
 0001:0008a4d0       sfc_api_select_charts      000000018008b4d0 f   sfc_debug:sfc_api.obj
 0001:0008a500       sfc_api_cycle_detection_check 000000018008b500 f   sfc_debug:sfc_api.obj
 0001:0008a550       sfc_api_data_range_check   000000018008b550 f   sfc_debug:sfc_api.obj
 0001:0008a5a0       sfc_api_transition_conflict_check 000000018008b5a0 f   sfc_debug:sfc_api.obj
 0001:0008a5f0       sfc_api_state_consistency_check 000000018008b5f0 f   sfc_debug:sfc_api.obj
 0001:0008a640       sfc_api_set_instance_cv_ids 000000018008b640 f   sfc_debug:sfc_api.obj
 0001:0008a770       sfc_api_set_script_cv_ids  000000018008b770 f   sfc_debug:sfc_api.obj
 0001:0008a840       sfc_api_get_current_machine_id 000000018008b840 f   sfc_debug:sfc_api.obj
 0001:0008a870       sfc_api_get_current_machine_number 000000018008b870 f   sfc_debug:sfc_api.obj
 0001:0008a8a0       sfc_api_get_current_chart_number 000000018008b8a0 f   sfc_debug:sfc_api.obj
 0001:0008a8d0       sfc_api_get_current_instance_number 000000018008b8d0 f   sfc_debug:sfc_api.obj
 0001:0008a900       sfc_api_get_current_instance_handle 000000018008b900 f   sfc_debug:sfc_api.obj
 0001:0008a920       sfc_api_get_current_is_minor_time_step 000000018008b920 f   sfc_debug:sfc_api.obj
 0001:0008a950       sfc_api_get_current_machine_name 000000018008b950 f   sfc_debug:sfc_api.obj
 0001:0008a970       sfc_api_get_current_chart_id 000000018008b970 f   sfc_debug:sfc_api.obj
 0001:0008a9a0       sfc_api_get_current_object_type 000000018008b9a0 f   sfc_debug:sfc_api.obj
 0001:0008a9d0       sfc_api_get_current_event_type 000000018008b9d0 f   sfc_debug:sfc_api.obj
 0001:0008aa00       sfc_api_get_current_object_id 000000018008ba00 f   sfc_debug:sfc_api.obj
 0001:0008aa30       sfc_get_current_active_event_type 000000018008ba30 f   sfc_debug:sfc_api.obj
 0001:0008aa60       sfc_api_get_current_active_event_id 000000018008ba60 f   sfc_debug:sfc_api.obj
 0001:0008aa90       sfc_api_get_current_simulation_time 000000018008ba90 f   sfc_debug:sfc_api.obj
 0001:0008aab0       sfc_get_current_tag_type   000000018008bab0 f   sfc_debug:sfc_api.obj
 0001:0008aae0       sfc_get_current_coverage_percentage 000000018008bae0 f   sfc_debug:sfc_api.obj
 0001:0008ab00       sfc_get_current_statement_context 000000018008bb00 f   sfc_debug:sfc_api.obj
 0001:0008ab20       sfc_get_current_optional_integer 000000018008bb20 f   sfc_debug:sfc_api.obj
 0001:0008ab50       sfc_get_current_statement_info 000000018008bb50 f   sfc_debug:sfc_api.obj
 0001:0008abf0       sfc_api_get                000000018008bbf0 f   sfc_debug:sfc_api.obj
 0001:0008b850       sf_debug_sm_fill_state_activity_data 000000018008c850 f   sfc_debug:sfdb_animation.obj
 0001:0008e090       void_ptr_stack_vector_free_total 000000018008f090 f   sfc_debug:sfdb_data_browse.obj
 0001:0008e110       sf_debug_st_terminate_machine 000000018008f110 f   sfc_debug:sfdb_data_browse.obj
 0001:0008e150       sf_debug_st_terminate_instance 000000018008f150 f   sfc_debug:sfdb_data_browse.obj
 0001:0008e500       push_on_to_void_ptr_stack  000000018008f500 f   sfc_debug:sfdb_data_browse.obj
 0001:0008e690       pop_from_void_ptr_stack    000000018008f690 f   sfc_debug:sfdb_data_browse.obj
 0001:0008e7c0       sf_debug_st_get_data_value 000000018008f7c0 f   sfc_debug:sfdb_data_browse.obj
 0001:0008ecf0       mx_value                   000000018008fcf0 f   sfc_debug:sfdb_data_browse.obj
 0001:0008ed30       sf_debug_st_fill_data_struct 000000018008fd30 f   sfc_debug:sfdb_data_browse.obj
 0001:0008f070       data_type_format_strings   0000000180090070 f   sfc_debug:sfdb_data_browse.obj
 0001:0008f120       sf_debug_st_fill_data      0000000180090120 f   sfc_debug:sfdb_data_browse.obj
 0001:0008fe10       sf_debug_hm_get_simulink_handle 0000000180090e10 f   sfc_debug:sfdb_handle_management.obj
 0001:000908c0       sf_debug_hm_initialize_globals 00000001800918c0 f   sfc_debug:sfdb_handle_management.obj
 0001:000909c0       sf_debug_hm_get_machine_debug_flag 00000001800919c0 f   sfc_debug:sfdb_handle_management.obj
 0001:00090b30       sf_debug_hm_get_machine_id 0000000180091b30 f   sfc_debug:sfdb_handle_management.obj
 0001:00090c50       sf_debug_hm_get_chart_id   0000000180091c50 f   sfc_debug:sfdb_handle_management.obj
 0001:00090df0       sf_debug_hm_register_executing_SFunction 0000000180091df0 f   sfc_debug:sfdb_handle_management.obj
 0001:00091180       sf_debug_hm_form_object_boolean_properties 0000000180092180 f   sfc_debug:sfdb_handle_management.obj
 0001:00091450       sf_debug_hm_form_object_properties 0000000180092450 f   sfc_debug:sfdb_handle_management.obj
 0001:00091690       sf_debug_hm_terminate_charts 0000000180092690 f   sfc_debug:sfdb_handle_management.obj
 0001:00091d70       sf_debug_hm_terminate_machines 0000000180092d70 f   sfc_debug:sfdb_handle_management.obj
 0001:000937e0       sf_debug_ss_copy_dimension 00000001800947e0 f   sfc_debug:sfdb_symbol_scope.obj
 0001:000938a0       sf_debug_ss_get_number_elements 00000001800948a0 f   sfc_debug:sfdb_symbol_scope.obj
 0001:000938c0       sf_debug_ss_fill_data_struct 00000001800948c0 f   sfc_debug:sfdb_symbol_scope.obj
 0001:00093c10       sf_debug_ss_reset_data_info 0000000180094c10 f   sfc_debug:sfdb_symbol_scope.obj
 0001:00093c70       sf_debug_fill_data_info_by_symbol_scope_entry 0000000180094c70 f   sfc_debug:sfdb_symbol_scope.obj
 0001:00093d30       sf_debug_fill_data_info_by_data_vector 0000000180094d30 f   sfc_debug:sfdb_symbol_scope.obj
 0001:00093f80       get_data_info_helper       0000000180094f80 f   sfc_debug:sfdb_symbol_scope.obj
 0001:00094270       sf_debug_ss_get_data_info  0000000180095270 f   sfc_debug:sfdb_symbol_scope.obj
 0001:00094490       sf_debug_select_mex_function 0000000180095490 f   sfc_debug:sfdb_symbol_scope.obj
 0001:000944c0       sf_debug_is_dyn_matrix_initialized 00000001800954c0 f   sfc_debug:sfdb_symbol_scope.obj
 0001:000944e0       sf_debug_ss_set_data_value_try 00000001800954e0 f   sfc_debug:sfdb_symbol_scope.obj
 0001:000946d0       sf_debug_ss_get_data_value 00000001800956d0 f   sfc_debug:sfdb_symbol_scope.obj
 0001:00094e30       sf_debug_ss_data_bytes_string 0000000180095e30 f   sfc_debug:sfdb_symbol_scope.obj
 0001:00094ec0       sf_debug_ss_data_class_string 0000000180095ec0 f   sfc_debug:sfdb_symbol_scope.obj
 0001:00095240       sf_debug_ss_data_size_string 0000000180096240 f   sfc_debug:sfdb_symbol_scope.obj
 0001:00095320       sf_debug_ss_data_create_data_info_struct 0000000180096320 f   sfc_debug:sfdb_symbol_scope.obj
 0001:000955d0       sf_debug_ss_data_create_name_value_pair 00000001800965d0 f   sfc_debug:sfdb_symbol_scope.obj
 0001:00095670       sf_debug_ss_data_get_whos_info 0000000180096670 f   sfc_debug:sfdb_symbol_scope.obj
 0001:00095680       same_named_data_in_data_array 0000000180096680 f   sfc_debug:sfdb_symbol_scope.obj
 0001:00096e10       sf_debug_cc_terminate_chart 0000000180097e10 f   sfc_debug:sfdb_coverage.obj
 0001:00097120       sf_debug_cc_terminate_instance 0000000180098120 f   sfc_debug:sfdb_coverage.obj
 0001:00097cf0       sf_debug_cc_mark_object_if_needed 0000000180098cf0 f   sfc_debug:sfdb_coverage.obj
 0001:00098570       sf_debug_bm_initialize_eml 0000000180099570 f   sfc_debug:sfdb_breakpoints.obj
 0001:00099630       sf_debug_bm_map_debug_tag_to_breakpoint_tag 000000018009a630 f   sfc_debug:sfdb_breakpoints.obj
 0001:00099710       sf_debug_bm_is_a_eml_breakpoint_impl 000000018009a710 f   sfc_debug:sfdb_breakpoints.obj
 0001:0009b040       sf_debug_sc_push_on_error_stack 000000018009c040 f   sfc_debug:sfdb_state_consistency.obj
 0001:0009b160       sf_debug_sc_reset_error_stack 000000018009c160 f   sfc_debug:sfdb_state_consistency.obj
 0001:0009b2f0       sf_debug_sc_is_state_inconsistent 000000018009c2f0 f   sfc_debug:sfdb_state_consistency.obj
 0001:0009b5e0       sf_debug_sc_fill_consistency_info 000000018009c5e0 f   sfc_debug:sfdb_state_consistency.obj
 0001:0009bb80       void_assertion_fcn         000000018009cb80 f   sfc_debug:sfdb_call_stack.obj
 0001:0009c0d0       sf_debug_tm_fill_local_trace 000000018009d0d0 f   sfc_debug:sfdb_call_stack.obj
 0001:0009c670       sf_debug_cd_terminate_instance 000000018009d670 f   sfc_debug:sfdb_cycle_detection.obj
 0001:0009c6d0       sf_debug_cd_free_checksum_stack 000000018009d6d0 f   sfc_debug:sfdb_cycle_detection.obj
 0001:0009c720       sf_debug_cd_reset_pack_strings 000000018009d720 f   sfc_debug:sfdb_cycle_detection.obj
 0001:0009cdc0       md5file_clear              000000018009ddc0 f   sfc_debug:ckmd5.obj
 0001:0009cdf0       Encode                     000000018009ddf0 f   sfc_debug:ckmd5.obj
 0001:0009ce40       Decode                     000000018009de40 f   sfc_debug:ckmd5.obj
 0001:0009cee0       MD5Transform               000000018009dee0 f   sfc_debug:ckmd5.obj
 0001:0009d740       md5file_addn               000000018009e740 f   sfc_debug:ckmd5.obj
 0001:0009d810       md5file_hash               000000018009e810 f   sfc_debug:ckmd5.obj
 0001:0009dd40       pre_c_init                 000000018009ed40 f   MSVCRT:crtdll.obj
 0001:0009dffc       __DllMainCRTStartup        000000018009effc f   MSVCRT:crtdll.obj
 0001:0009e6e0       __DllMainCRTStartup$filt$0 000000018009f6e0 f   MSVCRT:crtdll.obj
 0001:0009e710       __DllMainCRTStartup$fin$1  000000018009f710 f   MSVCRT:crtdll.obj
 0001:0009e729       _onexit$fin$0              000000018009f729 f   MSVCRT:atonexit.obj
 0001:0009e750       _IsNonwritableInCurrentImage$filt$0 000000018009f750 f   MSVCRT:pesect.obj
